// Jest Snapshot v1, https://goo.gl/fbAQLP

exports[`Render Button story correctly 1`] = `
.c2 {
  display: table-cell;
  vertical-align: middle;
  width: 100%;
}

.c3 {
  text-align: center;
  white-space: nowrap;
  display: inline-block;
  padding: 0.7rem 0.8rem;
}

.c5 {
  text-align: center;
  white-space: nowrap;
  display: inline-block;
  padding: 0.3rem 0.8rem;
}

.c7 {
  text-align: center;
  white-space: nowrap;
  display: inline-block;
  padding: 0rem 0.8rem;
}

.c28 {
  text-align: center;
  white-space: nowrap;
  display: block;
  padding: 0.7rem 0.8rem;
}

.c31 {
  min-width: 1.6rem;
  height: 1.6rem;
  background: #f44336;
  color: #fff;
  border-radius: 0.8rem;
  border: solid 0.1rem #fff;
  position: absolute;
  top: 0.2rem;
  right: -0.6rem;
  font-size: 0.8rem;
  -webkit-font-smoothing: antialiased;
  font-weight: 500;
  line-height: 1.4rem;
  text-align: center;
  padding: 0 0.4rem;
}

.c12 {
  display: table-cell;
  vertical-align: middle;
  width: 1px;
}

.c13 {
  position: relative;
  display: block;
  padding: 0.7rem 0 .7rem .8rem;
}

.c16 {
  position: relative;
  display: block;
  padding: 0.5rem 0 .5rem .6rem;
}

.c19 {
  position: relative;
  display: block;
  padding: 0.3rem 0 .3rem .4rem;
}

.c21 {
  position: relative;
  display: block;
  padding: 0.7rem .8rem .7rem 0;
}

.c22 {
  position: relative;
  display: block;
  padding: 0.5rem .6rem .5rem 0;
}

.c23 {
  position: relative;
  display: block;
  padding: 0.3rem .4rem .3rem 0;
}

.c24 {
  position: relative;
  display: block;
  padding: .7rem .8rem;
}

.c25 {
  position: relative;
  display: block;
  padding: .5rem .6rem;
}

.c26 {
  position: relative;
  display: block;
  padding: .3rem .4rem;
}

.c14 {
  display: block;
  position: relative;
  width: 2.4rem;
  height: 2.4rem;
  margin: 0 auto;
}

.c17 {
  display: block;
  position: relative;
  width: 1.8rem;
  height: 1.8rem;
  margin: 0 auto;
}

.c20 {
  display: block;
  position: relative;
  width: 1.2rem;
  height: 1.2rem;
  margin: 0 auto;
}

.c0 {
  -webkit-appearance: none;
  -moz-appearance: none;
  appearance: none;
  -webkit-user-select: none;
  -moz-user-select: none;
  -ms-user-select: none;
  user-select: none;
  font-family: inherit;
  line-height: 2.4rem;
  font-weight: 500;
  padding: 0;
  -webkit-transition: 0.2s;
  transition: 0.2s;
  outline: 0;
  -webkit-text-decoration: none !important;
  text-decoration: none !important;
  background-image: linear-gradient( 180deg, hsla(0,0%,100%,0.1), hsla(0,0%,100%,0) );
  position: relative;
  overflow: hidden;
  display: block;
  border-radius: 0.5rem;
  width: auto;
  background-color: #fff;
  font-size: 1.6rem;
  color: #000;
  border: solid 0.1rem rgba(0,0,0,0.24);
  border-bottom-color: rgba(0,0,0,0.32);
  cursor: pointer;
  opacity: 1;
}

.c0:hover {
  background-color: #d2d2d2;
  color: #000;
}

.c4 {
  -webkit-appearance: none;
  -moz-appearance: none;
  appearance: none;
  -webkit-user-select: none;
  -moz-user-select: none;
  -ms-user-select: none;
  user-select: none;
  font-family: inherit;
  line-height: 2.4rem;
  font-weight: 500;
  padding: 0;
  -webkit-transition: 0.2s;
  transition: 0.2s;
  outline: 0;
  -webkit-text-decoration: none !important;
  text-decoration: none !important;
  background-image: linear-gradient( 180deg, hsla(0,0%,100%,0.1), hsla(0,0%,100%,0) );
  position: relative;
  overflow: hidden;
  display: block;
  border-radius: 0.5rem;
  width: auto;
  background-color: #fff;
  font-size: 1.4rem;
  color: #000;
  border: solid 0.1rem rgba(0,0,0,0.24);
  border-bottom-color: rgba(0,0,0,0.32);
  cursor: pointer;
  opacity: 1;
}

.c4:hover {
  background-color: #d2d2d2;
  color: #000;
}

.c6 {
  -webkit-appearance: none;
  -moz-appearance: none;
  appearance: none;
  -webkit-user-select: none;
  -moz-user-select: none;
  -ms-user-select: none;
  user-select: none;
  font-family: inherit;
  line-height: 2.4rem;
  font-weight: 500;
  padding: 0;
  -webkit-transition: 0.2s;
  transition: 0.2s;
  outline: 0;
  -webkit-text-decoration: none !important;
  text-decoration: none !important;
  background-image: linear-gradient( 180deg, hsla(0,0%,100%,0.1), hsla(0,0%,100%,0) );
  position: relative;
  overflow: hidden;
  display: block;
  border-radius: 0.5rem;
  width: auto;
  background-color: #fff;
  font-size: 1.2rem;
  color: #000;
  border: solid 0.1rem rgba(0,0,0,0.24);
  border-bottom-color: rgba(0,0,0,0.32);
  cursor: pointer;
  opacity: 1;
}

.c6:hover {
  background-color: #d2d2d2;
  color: #000;
}

.c8 {
  -webkit-appearance: none;
  -moz-appearance: none;
  appearance: none;
  -webkit-user-select: none;
  -moz-user-select: none;
  -ms-user-select: none;
  user-select: none;
  font-family: inherit;
  line-height: 2.4rem;
  font-weight: 500;
  padding: 0;
  -webkit-transition: 0.2s;
  transition: 0.2s;
  outline: 0;
  -webkit-text-decoration: none !important;
  text-decoration: none !important;
  background-image: linear-gradient( 180deg, hsla(0,0%,100%,0.1), hsla(0,0%,100%,0) );
  position: relative;
  overflow: hidden;
  display: block;
  border-radius: 0.5rem;
  width: auto;
  background-color: #00a1b0;
  font-size: 1.6rem;
  color: #fff;
  border: solid 0.1rem rgba(0,0,0,0.24);
  border-bottom-color: rgba(0,0,0,0.32);
  cursor: pointer;
  opacity: 1;
}

.c8:hover {
  background-color: #007c87;
  color: #fff;
}

.c9 {
  -webkit-appearance: none;
  -moz-appearance: none;
  appearance: none;
  -webkit-user-select: none;
  -moz-user-select: none;
  -ms-user-select: none;
  user-select: none;
  font-family: inherit;
  line-height: 2.4rem;
  font-weight: 500;
  padding: 0;
  -webkit-transition: 0.2s;
  transition: 0.2s;
  outline: 0;
  -webkit-text-decoration: none !important;
  text-decoration: none !important;
  background-image: linear-gradient( 180deg, hsla(0,0%,100%,0.1), hsla(0,0%,100%,0) );
  position: relative;
  overflow: hidden;
  display: block;
  border-radius: 0.5rem;
  width: auto;
  background-color: #fff;
  font-size: 1.6rem;
  color: #00a1b0;
  border: solid 0.1rem #00a1b0;
  border-bottom-color: #007c87;
  cursor: pointer;
  opacity: 1;
}

.c9:hover {
  background-color: #fff;
  color: #00a1b0;
}

.c10 {
  -webkit-appearance: none;
  -moz-appearance: none;
  appearance: none;
  -webkit-user-select: none;
  -moz-user-select: none;
  -ms-user-select: none;
  user-select: none;
  font-family: inherit;
  line-height: 2.4rem;
  font-weight: 500;
  padding: 0;
  -webkit-transition: 0.2s;
  transition: 0.2s;
  outline: 0;
  -webkit-text-decoration: none !important;
  text-decoration: none !important;
  background-image: linear-gradient( 180deg, hsla(0,0%,100%,0.1), hsla(0,0%,100%,0) );
  position: relative;
  overflow: hidden;
  display: block;
  border-radius: 0.5rem;
  width: auto;
  background-color: #f8f8f8;
  font-size: 1.6rem;
  color: #f44336;
  border: solid 0.1rem rgba(0,0,0,0.24);
  border-bottom-color: rgba(0,0,0,0.32);
  cursor: pointer;
  opacity: 1;
}

.c10:hover {
  background-color: #e4e4e4;
  color: #f44336;
}

.c11 {
  -webkit-appearance: none;
  -moz-appearance: none;
  appearance: none;
  -webkit-user-select: none;
  -moz-user-select: none;
  -ms-user-select: none;
  user-select: none;
  font-family: inherit;
  line-height: 2.4rem;
  font-weight: 500;
  padding: 0;
  -webkit-transition: 0.2s;
  transition: 0.2s;
  outline: 0;
  -webkit-text-decoration: none !important;
  text-decoration: none !important;
  background-image: linear-gradient( 180deg, hsla(0,0%,100%,0.1), hsla(0,0%,100%,0) );
  position: relative;
  overflow: hidden;
  display: block;
  border-radius: 0.5rem;
  width: auto;
  background-color: transparent;
  font-size: 1.6rem;
  color: #000;
  border: 0;
  cursor: pointer;
  opacity: 1;
}

.c11:hover {
  background-color: transparent;
  color: #000;
}

.c15 {
  -webkit-appearance: none;
  -moz-appearance: none;
  appearance: none;
  -webkit-user-select: none;
  -moz-user-select: none;
  -ms-user-select: none;
  user-select: none;
  font-family: inherit;
  line-height: 2.4rem;
  font-weight: 500;
  padding: 0;
  -webkit-transition: 0.2s;
  transition: 0.2s;
  outline: 0;
  -webkit-text-decoration: none !important;
  text-decoration: none !important;
  background-image: linear-gradient( 180deg, hsla(0,0%,100%,0.1), hsla(0,0%,100%,0) );
  position: relative;
  overflow: hidden;
  display: block;
  border-radius: 0.5rem;
  width: auto;
  background-color: #00a1b0;
  font-size: 1.4rem;
  color: #fff;
  border: solid 0.1rem rgba(0,0,0,0.24);
  border-bottom-color: rgba(0,0,0,0.32);
  cursor: pointer;
  opacity: 1;
}

.c15:hover {
  background-color: #007c87;
  color: #fff;
}

.c18 {
  -webkit-appearance: none;
  -moz-appearance: none;
  appearance: none;
  -webkit-user-select: none;
  -moz-user-select: none;
  -ms-user-select: none;
  user-select: none;
  font-family: inherit;
  line-height: 2.4rem;
  font-weight: 500;
  padding: 0;
  -webkit-transition: 0.2s;
  transition: 0.2s;
  outline: 0;
  -webkit-text-decoration: none !important;
  text-decoration: none !important;
  background-image: linear-gradient( 180deg, hsla(0,0%,100%,0.1), hsla(0,0%,100%,0) );
  position: relative;
  overflow: hidden;
  display: block;
  border-radius: 0.5rem;
  width: auto;
  background-color: #00a1b0;
  font-size: 1.2rem;
  color: #fff;
  border: solid 0.1rem rgba(0,0,0,0.24);
  border-bottom-color: rgba(0,0,0,0.32);
  cursor: pointer;
  opacity: 1;
}

.c18:hover {
  background-color: #007c87;
  color: #fff;
}

.c27 {
  -webkit-appearance: none;
  -moz-appearance: none;
  appearance: none;
  -webkit-user-select: none;
  -moz-user-select: none;
  -ms-user-select: none;
  user-select: none;
  font-family: inherit;
  line-height: 2.4rem;
  font-weight: 500;
  padding: 0;
  -webkit-transition: 0.2s;
  transition: 0.2s;
  outline: 0;
  -webkit-text-decoration: none !important;
  text-decoration: none !important;
  background-image: linear-gradient( 180deg, hsla(0,0%,100%,0.1), hsla(0,0%,100%,0) );
  position: relative;
  overflow: hidden;
  display: block;
  border-radius: 0.5rem;
  width: 100%;
  background-color: #00a1b0;
  font-size: 1.6rem;
  color: #fff;
  border: solid 0.1rem rgba(0,0,0,0.24);
  border-bottom-color: rgba(0,0,0,0.32);
  cursor: pointer;
  opacity: 1;
}

.c27:hover {
  background-color: #007c87;
  color: #fff;
}

.c29 {
  -webkit-appearance: none;
  -moz-appearance: none;
  appearance: none;
  -webkit-user-select: none;
  -moz-user-select: none;
  -ms-user-select: none;
  user-select: none;
  font-family: inherit;
  line-height: 2.4rem;
  font-weight: 500;
  padding: 0;
  -webkit-transition: 0.2s;
  transition: 0.2s;
  outline: 0;
  -webkit-text-decoration: none !important;
  text-decoration: none !important;
  background-image: linear-gradient( 180deg, hsla(0,0%,100%,0.1), hsla(0,0%,100%,0) );
  position: relative;
  overflow: hidden;
  display: block;
  border-radius: 8rem;
  width: auto;
  background-color: #00a1b0;
  font-size: 1.6rem;
  color: #fff;
  border: solid 0.1rem rgba(0,0,0,0.24);
  border-bottom-color: rgba(0,0,0,0.32);
  cursor: pointer;
  opacity: 1;
}

.c29:hover {
  background-color: #007c87;
  color: #fff;
}

.c30 {
  -webkit-appearance: none;
  -moz-appearance: none;
  appearance: none;
  -webkit-user-select: none;
  -moz-user-select: none;
  -ms-user-select: none;
  user-select: none;
  font-family: inherit;
  line-height: 2.4rem;
  font-weight: 500;
  padding: 0;
  -webkit-transition: 0.2s;
  transition: 0.2s;
  outline: 0;
  -webkit-text-decoration: none !important;
  text-decoration: none !important;
  background-image: linear-gradient( 180deg, hsla(0,0%,100%,0.1), hsla(0,0%,100%,0) );
  position: relative;
  overflow: hidden;
  display: block;
  border-radius: 0.5rem;
  width: auto;
  background-color: #fff;
  font-size: 1.6rem;
  color: #000;
  border: solid 0.1rem rgba(0,0,0,0.24);
  border-bottom-color: rgba(0,0,0,0.32);
  cursor: not-allowed;
  opacity: 0.72;
}

.c30:hover {
  background-color: #fff;
  color: #000;
}

.c34 {
  -webkit-appearance: none;
  -moz-appearance: none;
  appearance: none;
  -webkit-user-select: none;
  -moz-user-select: none;
  -ms-user-select: none;
  user-select: none;
  font-family: inherit;
  line-height: 2.4rem;
  font-weight: 500;
  padding: 0;
  -webkit-transition: 0.2s;
  transition: 0.2s;
  outline: 0;
  -webkit-text-decoration: none !important;
  text-decoration: none !important;
  background-image: linear-gradient( 180deg, hsla(0,0%,100%,0.1), hsla(0,0%,100%,0) );
  position: relative;
  overflow: hidden;
  display: block;
  border-radius: 8rem 0 0 8rem;
  width: 100%;
  background-color: #fff;
  font-size: 1.6rem;
  color: #000;
  border: solid 0.1rem rgba(0,0,0,0.24);
  border-bottom-color: rgba(0,0,0,0.32);
  border-right: 0;
  cursor: pointer;
  opacity: 1;
}

.c34:hover {
  background-color: #d2d2d2;
  color: #000;
}

.c35 {
  -webkit-appearance: none;
  -moz-appearance: none;
  appearance: none;
  -webkit-user-select: none;
  -moz-user-select: none;
  -ms-user-select: none;
  user-select: none;
  font-family: inherit;
  line-height: 2.4rem;
  font-weight: 500;
  padding: 0;
  -webkit-transition: 0.2s;
  transition: 0.2s;
  outline: 0;
  -webkit-text-decoration: none !important;
  text-decoration: none !important;
  background-image: linear-gradient( 180deg, hsla(0,0%,100%,0.1), hsla(0,0%,100%,0) );
  position: relative;
  overflow: hidden;
  display: block;
  border-radius: 0;
  width: 100%;
  background-color: #fff;
  font-size: 1.6rem;
  color: #000;
  border: solid 0.1rem rgba(0,0,0,0.24);
  border-bottom-color: rgba(0,0,0,0.32);
  border-right: 0;
  cursor: pointer;
  opacity: 1;
}

.c35:hover {
  background-color: #d2d2d2;
  color: #000;
}

.c36 {
  -webkit-appearance: none;
  -moz-appearance: none;
  appearance: none;
  -webkit-user-select: none;
  -moz-user-select: none;
  -ms-user-select: none;
  user-select: none;
  font-family: inherit;
  line-height: 2.4rem;
  font-weight: 500;
  padding: 0;
  -webkit-transition: 0.2s;
  transition: 0.2s;
  outline: 0;
  -webkit-text-decoration: none !important;
  text-decoration: none !important;
  background-image: linear-gradient( 180deg, hsla(0,0%,100%,0.1), hsla(0,0%,100%,0) );
  position: relative;
  overflow: hidden;
  display: block;
  border-radius: 0 8rem 8rem 0;
  width: 100%;
  background-color: #fff;
  font-size: 1.6rem;
  color: #000;
  border: solid 0.1rem rgba(0,0,0,0.24);
  border-bottom-color: rgba(0,0,0,0.32);
  cursor: pointer;
  opacity: 1;
}

.c36:hover {
  background-color: #d2d2d2;
  color: #000;
}

.c37 {
  -webkit-appearance: none;
  -moz-appearance: none;
  appearance: none;
  -webkit-user-select: none;
  -moz-user-select: none;
  -ms-user-select: none;
  user-select: none;
  font-family: inherit;
  line-height: 2.4rem;
  font-weight: 500;
  padding: 0;
  -webkit-transition: 0.2s;
  transition: 0.2s;
  outline: 0;
  -webkit-text-decoration: none !important;
  text-decoration: none !important;
  background-image: linear-gradient( 180deg, hsla(0,0%,100%,0.1), hsla(0,0%,100%,0) );
  position: relative;
  overflow: hidden;
  display: block;
  border-radius: 8rem 0 0 8rem;
  width: 100%;
  background-color: #fff;
  font-size: 1.4rem;
  color: #000;
  border: solid 0.1rem rgba(0,0,0,0.24);
  border-bottom-color: rgba(0,0,0,0.32);
  border-right: 0;
  cursor: pointer;
  opacity: 1;
}

.c37:hover {
  background-color: #d2d2d2;
  color: #000;
}

.c38 {
  -webkit-appearance: none;
  -moz-appearance: none;
  appearance: none;
  -webkit-user-select: none;
  -moz-user-select: none;
  -ms-user-select: none;
  user-select: none;
  font-family: inherit;
  line-height: 2.4rem;
  font-weight: 500;
  padding: 0;
  -webkit-transition: 0.2s;
  transition: 0.2s;
  outline: 0;
  -webkit-text-decoration: none !important;
  text-decoration: none !important;
  background-image: linear-gradient( 180deg, hsla(0,0%,100%,0.1), hsla(0,0%,100%,0) );
  position: relative;
  overflow: hidden;
  display: block;
  border-radius: 0;
  width: 100%;
  background-color: #fff;
  font-size: 1.4rem;
  color: #000;
  border: solid 0.1rem rgba(0,0,0,0.24);
  border-bottom-color: rgba(0,0,0,0.32);
  border-right: 0;
  cursor: pointer;
  opacity: 1;
}

.c38:hover {
  background-color: #d2d2d2;
  color: #000;
}

.c39 {
  -webkit-appearance: none;
  -moz-appearance: none;
  appearance: none;
  -webkit-user-select: none;
  -moz-user-select: none;
  -ms-user-select: none;
  user-select: none;
  font-family: inherit;
  line-height: 2.4rem;
  font-weight: 500;
  padding: 0;
  -webkit-transition: 0.2s;
  transition: 0.2s;
  outline: 0;
  -webkit-text-decoration: none !important;
  text-decoration: none !important;
  background-image: linear-gradient( 180deg, hsla(0,0%,100%,0.1), hsla(0,0%,100%,0) );
  position: relative;
  overflow: hidden;
  display: block;
  border-radius: 0 8rem 8rem 0;
  width: 100%;
  background-color: #fff;
  font-size: 1.4rem;
  color: #000;
  border: solid 0.1rem rgba(0,0,0,0.24);
  border-bottom-color: rgba(0,0,0,0.32);
  cursor: pointer;
  opacity: 1;
}

.c39:hover {
  background-color: #d2d2d2;
  color: #000;
}

.c1 {
  display: table;
  width: 100%;
}

.c32 {
  display: table;
}

.c33 {
  display: table-cell;
  vertical-align: middle;
}

<div
  className="doc-mainbar"
>
  <h1>
    Buttons
  </h1>
  <table
    className="doc-table"
  >
    <thead>
      <tr>
        <th
          colSpan="2"
        >
          props: 
          <code>
            size
          </code>
        </th>
      </tr>
    </thead>
    <tbody>
      <tr>
        <td>
          <code>
            default
          </code>
        </td>
        <td>
          <button
            className="c0"
            disabled={undefined}
            onClick={[Function]}
            size="default"
          >
            <div
              className="c1"
            >
              <div
                className="c2"
              >
                <span
                  className="c3"
                  size="default"
                >
                  Default
                </span>
              </div>
            </div>
          </button>
        </td>
      </tr>
      <tr>
        <td>
          <code>
            small
          </code>
        </td>
        <td>
          <button
            className="c4"
            disabled={undefined}
            onClick={[Function]}
            size="small"
          >
            <div
              className="c1"
            >
              <div
                className="c2"
              >
                <span
                  className="c5"
                  size="small"
                >
                  Small
                </span>
              </div>
            </div>
          </button>
        </td>
      </tr>
      <tr>
        <td>
          <code>
            xsmall
          </code>
        </td>
        <td>
          <button
            className="c6"
            disabled={undefined}
            onClick={[Function]}
            size="xsmall"
          >
            <div
              className="c1"
            >
              <div
                className="c2"
              >
                <span
                  className="c7"
                  size="xsmall"
                >
                  Xsmall
                </span>
              </div>
            </div>
          </button>
        </td>
      </tr>
    </tbody>
  </table>
  <table
    className="doc-table"
  >
    <thead>
      <tr>
        <th
          colSpan="2"
        >
          props: 
          <code>
            variant
          </code>
        </th>
      </tr>
    </thead>
    <tbody>
      <tr>
        <td>
          <code>
            default
          </code>
        </td>
        <td>
          <button
            className="c0"
            disabled={undefined}
            onClick={[Function]}
            size="default"
          >
            <div
              className="c1"
            >
              <div
                className="c2"
              >
                <span
                  className="c3"
                  size="default"
                >
                  Default
                </span>
              </div>
            </div>
          </button>
        </td>
      </tr>
      <tr>
        <td>
          <code>
            primary
          </code>
        </td>
        <td>
          <button
            className="c8"
            disabled={undefined}
            onClick={[Function]}
            size="default"
          >
            <div
              className="c1"
            >
              <div
                className="c2"
              >
                <span
                  className="c3"
                  size="default"
                >
                  Primary
                </span>
              </div>
            </div>
          </button>
        </td>
      </tr>
      <tr>
        <td>
          <code>
            line
          </code>
        </td>
        <td>
          <button
            className="c9"
            disabled={undefined}
            onClick={[Function]}
            size="default"
          >
            <div
              className="c1"
            >
              <div
                className="c2"
              >
                <span
                  className="c3"
                  size="default"
                >
                  Line
                </span>
              </div>
            </div>
          </button>
        </td>
      </tr>
      <tr>
        <td>
          <code>
            danger
          </code>
        </td>
        <td>
          <button
            className="c10"
            disabled={undefined}
            onClick={[Function]}
            size="default"
          >
            <div
              className="c1"
            >
              <div
                className="c2"
              >
                <span
                  className="c3"
                  size="default"
                >
                  Danger
                </span>
              </div>
            </div>
          </button>
        </td>
      </tr>
      <tr>
        <td>
          <code>
            link
          </code>
        </td>
        <td>
          <button
            className="c11"
            disabled={undefined}
            onClick={[Function]}
            size="default"
          >
            <div
              className="c1"
            >
              <div
                className="c2"
              >
                <span
                  className="c3"
                  size="default"
                >
                  Line
                </span>
              </div>
            </div>
          </button>
        </td>
      </tr>
    </tbody>
  </table>
  <table
    className="doc-table"
  >
    <thead>
      <tr>
        <th
          colSpan="4"
        >
          Presentation
        </th>
      </tr>
    </thead>
    <tbody>
      <tr>
        <td>
          Left icon
        </td>
        <td>
          <button
            className="c8"
            disabled={undefined}
            onClick={[Function]}
            size="default"
          >
            <div
              className="c1"
            >
              <div
                className="c12"
              >
                <span
                  className="c13"
                  size="default"
                >
                  <span
                    className="c14"
                    size="default"
                  >
                    <img
                      alt=""
                      src="http://mockup.sistemsista.com/icon/png/white/icon-bullhorn.png"
                      style={
                        Object {
                          "display": "block",
                          "height": "2.4rem",
                          "width": "2.4rem",
                        }
                      }
                    />
                  </span>
                </span>
              </div>
              <div
                className="c2"
              >
                <span
                  className="c3"
                  size="default"
                >
                  Notification
                </span>
              </div>
            </div>
          </button>
        </td>
        <td>
          <button
            className="c15"
            disabled={undefined}
            onClick={[Function]}
            size="small"
          >
            <div
              className="c1"
            >
              <div
                className="c12"
              >
                <span
                  className="c16"
                  size="small"
                >
                  <span
                    className="c17"
                    size="small"
                  >
                    <img
                      alt=""
                      src="http://mockup.sistemsista.com/icon/png/white/icon-bullhorn.png"
                      style={
                        Object {
                          "display": "block",
                          "height": "1.8rem",
                          "width": "1.8rem",
                        }
                      }
                    />
                  </span>
                </span>
              </div>
              <div
                className="c2"
              >
                <span
                  className="c5"
                  size="small"
                >
                  Notification
                </span>
              </div>
            </div>
          </button>
        </td>
        <td>
          <button
            className="c18"
            disabled={undefined}
            onClick={[Function]}
            size="xsmall"
          >
            <div
              className="c1"
            >
              <div
                className="c12"
              >
                <span
                  className="c19"
                  size="xsmall"
                >
                  <span
                    className="c20"
                    size="xsmall"
                  >
                    <img
                      alt=""
                      src="http://mockup.sistemsista.com/icon/png/white/icon-bullhorn.png"
                      style={
                        Object {
                          "display": "block",
                          "height": "1.2rem",
                          "width": "1.2rem",
                        }
                      }
                    />
                  </span>
                </span>
              </div>
              <div
                className="c2"
              >
                <span
                  className="c7"
                  size="xsmall"
                >
                  Notification
                </span>
              </div>
            </div>
          </button>
        </td>
      </tr>
      <tr>
        <td>
          Right icon
        </td>
        <td>
          <button
            className="c8"
            disabled={undefined}
            onClick={[Function]}
            size="default"
          >
            <div
              className="c1"
            >
              <div
                className="c2"
              >
                <span
                  className="c3"
                  size="default"
                >
                  Notification
                </span>
              </div>
              <div
                className="c12"
              >
                <span
                  className="c21"
                  size="default"
                >
                  <span
                    className="c14"
                    size="default"
                  >
                    <img
                      alt=""
                      src="http://mockup.sistemsista.com/icon/png/white/icon-bullhorn.png"
                      style={
                        Object {
                          "display": "block",
                          "height": "2.4rem",
                          "width": "2.4rem",
                        }
                      }
                    />
                  </span>
                </span>
              </div>
            </div>
          </button>
        </td>
        <td>
          <button
            className="c15"
            disabled={undefined}
            onClick={[Function]}
            size="small"
          >
            <div
              className="c1"
            >
              <div
                className="c2"
              >
                <span
                  className="c5"
                  size="small"
                >
                  Notification
                </span>
              </div>
              <div
                className="c12"
              >
                <span
                  className="c22"
                  size="small"
                >
                  <span
                    className="c17"
                    size="small"
                  >
                    <img
                      alt=""
                      src="http://mockup.sistemsista.com/icon/png/white/icon-bullhorn.png"
                      style={
                        Object {
                          "display": "block",
                          "height": "1.8rem",
                          "width": "1.8rem",
                        }
                      }
                    />
                  </span>
                </span>
              </div>
            </div>
          </button>
        </td>
        <td>
          <button
            className="c18"
            disabled={undefined}
            onClick={[Function]}
            size="xsmall"
          >
            <div
              className="c1"
            >
              <div
                className="c2"
              >
                <span
                  className="c7"
                  size="xsmall"
                >
                  Notification
                </span>
              </div>
              <div
                className="c12"
              >
                <span
                  className="c23"
                  size="xsmall"
                >
                  <span
                    className="c20"
                    size="xsmall"
                  >
                    <img
                      alt=""
                      src="http://mockup.sistemsista.com/icon/png/white/icon-bullhorn.png"
                      style={
                        Object {
                          "display": "block",
                          "height": "1.2rem",
                          "width": "1.2rem",
                        }
                      }
                    />
                  </span>
                </span>
              </div>
            </div>
          </button>
        </td>
      </tr>
      <tr>
        <td>
          Icon only
        </td>
        <td>
          <button
            className="c0"
            disabled={undefined}
            onClick={[Function]}
            size="default"
          >
            <div
              className="c1"
            >
              <div
                className="c12"
              >
                <span
                  className="c24"
                  size="default"
                >
                  <span
                    className="c14"
                    size="default"
                  >
                    <img
                      src="assets/icons/18-plus.svg"
                      style={
                        Object {
                          "display": "block",
                          "height": "2.4rem",
                          "width": "2.4rem",
                        }
                      }
                    />
                  </span>
                </span>
              </div>
            </div>
          </button>
        </td>
        <td>
          <button
            className="c4"
            disabled={undefined}
            onClick={[Function]}
            size="small"
          >
            <div
              className="c1"
            >
              <div
                className="c12"
              >
                <span
                  className="c25"
                  size="small"
                >
                  <span
                    className="c17"
                    size="small"
                  >
                    <img
                      src="assets/icons/18-plus.svg"
                      style={
                        Object {
                          "display": "block",
                          "height": "1.8rem",
                          "width": "1.8rem",
                        }
                      }
                    />
                  </span>
                </span>
              </div>
            </div>
          </button>
        </td>
        <td>
          <button
            className="c6"
            disabled={undefined}
            onClick={[Function]}
            size="xsmall"
          >
            <div
              className="c1"
            >
              <div
                className="c12"
              >
                <span
                  className="c26"
                  size="xsmall"
                >
                  <span
                    className="c20"
                    size="xsmall"
                  >
                    <img
                      src="assets/icons/18-plus.svg"
                      style={
                        Object {
                          "display": "block",
                          "height": "1.2rem",
                          "width": "1.2rem",
                        }
                      }
                    />
                  </span>
                </span>
              </div>
            </div>
          </button>
        </td>
      </tr>
      <tr>
        <td>
          Button block
        </td>
        <td
          colSpan="3"
        >
          <button
            className="c27"
            disabled={undefined}
            onClick={[Function]}
            size="default"
          >
            <div
              className="c1"
            >
              <div
                className="c2"
              >
                <span
                  className="c28"
                  size="default"
                >
                  Button
                </span>
              </div>
            </div>
          </button>
        </td>
      </tr>
      <tr>
        <td>
          Button block icon
        </td>
        <td
          colSpan="3"
        >
          <button
            className="c27"
            disabled={undefined}
            onClick={[Function]}
            size="default"
          >
            <div
              className="c1"
            >
              <div
                className="c12"
              >
                <span
                  className="c13"
                  size="default"
                >
                  <span
                    className="c14"
                    size="default"
                  >
                    <img
                      alt=""
                      src="http://mockup.sistemsista.com/icon/png/white/icon-bullhorn.png"
                      style={
                        Object {
                          "display": "block",
                          "height": "2.4rem",
                          "width": "2.4rem",
                        }
                      }
                    />
                  </span>
                </span>
              </div>
              <div
                className="c2"
              >
                <span
                  className="c28"
                  size="default"
                >
                  Button
                </span>
              </div>
            </div>
          </button>
        </td>
      </tr>
      <tr>
        <td>
          Button round
        </td>
        <td
          colSpan="3"
        >
          <button
            className="c29"
            disabled={undefined}
            onClick={[Function]}
            size="default"
          >
            <div
              className="c1"
            >
              <div
                className="c12"
              >
                <span
                  className="c13"
                  size="default"
                >
                  <span
                    className="c14"
                    size="default"
                  >
                    <img
                      alt=""
                      src="http://mockup.sistemsista.com/icon/png/white/icon-bullhorn.png"
                      style={
                        Object {
                          "display": "block",
                          "height": "2.4rem",
                          "width": "2.4rem",
                        }
                      }
                    />
                  </span>
                </span>
              </div>
              <div
                className="c2"
              >
                <span
                  className="c3"
                  size="default"
                >
                  Button
                </span>
              </div>
            </div>
          </button>
        </td>
      </tr>
      <tr>
        <td>
          Disabled
        </td>
        <td
          colSpan="3"
        >
          <button
            className="c30"
            disabled={true}
            onClick={[Function]}
            size="default"
          >
            <div
              className="c1"
            >
              <div
                className="c12"
              >
                <span
                  className="c13"
                  size="default"
                >
                  <span
                    className="c14"
                    size="default"
                  >
                    <img
                      alt=""
                      src="http://mockup.sistemsista.com/icon/png/black/icon-bullhorn.png"
                      style={
                        Object {
                          "display": "block",
                          "height": "2.4rem",
                          "width": "2.4rem",
                        }
                      }
                    />
                  </span>
                </span>
              </div>
              <div
                className="c2"
              >
                <span
                  className="c3"
                  size="default"
                >
                  Button
                </span>
              </div>
            </div>
          </button>
        </td>
      </tr>
      <tr>
        <td>
          Icon & Notification
        </td>
        <td
          colSpan="3"
        >
          <button
            className="c8"
            disabled={undefined}
            onClick={[Function]}
            size="default"
          >
            <div
              className="c1"
            >
              <div
                className="c12"
              >
                <span
                  className="c13"
                  size="default"
                >
                  <span
                    className="c14"
                    size="default"
                  >
                    <img
                      alt=""
                      src="http://mockup.sistemsista.com/icon/png/white/icon-bullhorn.png"
                      style={
                        Object {
                          "display": "block",
                          "height": "2.4rem",
                          "width": "2.4rem",
                        }
                      }
                    />
                  </span>
                  <div
                    className="c31"
                  >
                    9
                  </div>
                </span>
              </div>
              <div
                className="c2"
              >
                <span
                  className="c3"
                  size="default"
                >
                  Button
                </span>
              </div>
            </div>
          </button>
        </td>
      </tr>
    </tbody>
  </table>
  <table
    className="doc-table"
  >
    <thead>
      <tr>
        <th
          colSpan="3"
        >
          Extras
        </th>
      </tr>
    </thead>
    <tbody>
      <tr>
        <td>
          Button group
        </td>
        <td>
          <div
            className="c32"
          >
            <div
              className="c33"
            >
              <button
                className="c34"
                disabled={undefined}
                onClick={[Function]}
                size="default"
              >
                <div
                  className="c1"
                >
                  <div
                    className="c12"
                  >
                    <span
                      className="c13"
                      size="default"
                    >
                      <span
                        className="c14"
                        size="default"
                      >
                        <img
                          src="assets/icons/sosmed-facebook.svg"
                          style={
                            Object {
                              "display": "block",
                              "height": "2.4rem",
                              "width": "2.4rem",
                            }
                          }
                        />
                      </span>
                    </span>
                  </div>
                  <div
                    className="c2"
                  >
                    <span
                      className="c3"
                      size="default"
                    >
                      Line
                    </span>
                  </div>
                </div>
              </button>
            </div>
            <div
              className="c33"
            >
              <button
                className="c35"
                disabled={undefined}
                onClick={[Function]}
                size="default"
              >
                <div
                  className="c1"
                >
                  <div
                    className="c12"
                  >
                    <span
                      className="c13"
                      size="default"
                    >
                      <span
                        className="c14"
                        size="default"
                      >
                        <img
                          src="assets/icons/sosmed-facebook.svg"
                          style={
                            Object {
                              "display": "block",
                              "height": "2.4rem",
                              "width": "2.4rem",
                            }
                          }
                        />
                      </span>
                    </span>
                  </div>
                  <div
                    className="c2"
                  >
                    <span
                      className="c3"
                      size="default"
                    >
                      Line
                    </span>
                  </div>
                </div>
              </button>
            </div>
            <div
              className="c33"
            >
              <button
                className="c36"
                disabled={undefined}
                onClick={[Function]}
                size="default"
              >
                <div
                  className="c1"
                >
                  <div
                    className="c12"
                  >
                    <span
                      className="c13"
                      size="default"
                    >
                      <span
                        className="c14"
                        size="default"
                      >
                        <img
                          src="assets/icons/sosmed-facebook.svg"
                          style={
                            Object {
                              "display": "block",
                              "height": "2.4rem",
                              "width": "2.4rem",
                            }
                          }
                        />
                      </span>
                    </span>
                  </div>
                  <div
                    className="c2"
                  >
                    <span
                      className="c3"
                      size="default"
                    >
                      Line
                    </span>
                  </div>
                </div>
              </button>
            </div>
          </div>
        </td>
        <td>
          <div
            className="c32"
          >
            <div
              className="c33"
            >
              <button
                className="c34"
                disabled={undefined}
                onClick={[Function]}
                size="default"
              >
                <div
                  className="c1"
                >
                  <div
                    className="c12"
                  >
                    <span
                      className="c13"
                      size="default"
                    >
                      <span
                        className="c14"
                        size="default"
                      >
                        <img
                          src="assets/icons/sosmed-facebook.svg"
                          style={
                            Object {
                              "display": "block",
                              "height": "2.4rem",
                              "width": "2.4rem",
                            }
                          }
                        />
                      </span>
                    </span>
                  </div>
                  <div
                    className="c2"
                  >
                    <span
                      className="c3"
                      size="default"
                    >
                      Line
                    </span>
                  </div>
                </div>
              </button>
            </div>
            <div
              className="c33"
            >
              <button
                className="c36"
                disabled={undefined}
                onClick={[Function]}
                size="default"
              >
                <div
                  className="c1"
                >
                  <div
                    className="c12"
                  >
                    <span
                      className="c13"
                      size="default"
                    >
                      <span
                        className="c14"
                        size="default"
                      >
                        <img
                          src="assets/icons/sosmed-facebook.svg"
                          style={
                            Object {
                              "display": "block",
                              "height": "2.4rem",
                              "width": "2.4rem",
                            }
                          }
                        />
                      </span>
                    </span>
                  </div>
                  <div
                    className="c2"
                  >
                    <span
                      className="c3"
                      size="default"
                    >
                      Line
                    </span>
                  </div>
                </div>
              </button>
            </div>
          </div>
        </td>
      </tr>
      <tr>
        <td>
          Button group small
        </td>
        <td
          colSpan="2"
        >
          <div
            className="c32"
          >
            <div
              className="c33"
            >
              <button
                className="c37"
                disabled={undefined}
                onClick={[Function]}
                size="small"
              >
                <div
                  className="c1"
                >
                  <div
                    className="c12"
                  >
                    <span
                      className="c16"
                      size="small"
                    >
                      <span
                        className="c17"
                        size="small"
                      >
                        <img
                          src="assets/icons/sosmed-facebook.svg"
                          style={
                            Object {
                              "display": "block",
                              "height": "1.8rem",
                              "width": "1.8rem",
                            }
                          }
                        />
                      </span>
                    </span>
                  </div>
                  <div
                    className="c2"
                  >
                    <span
                      className="c5"
                      size="small"
                    >
                      Line
                    </span>
                  </div>
                </div>
              </button>
            </div>
            <div
              className="c33"
            >
              <button
                className="c38"
                disabled={undefined}
                onClick={[Function]}
                size="small"
              >
                <div
                  className="c1"
                >
                  <div
                    className="c12"
                  >
                    <span
                      className="c16"
                      size="small"
                    >
                      <span
                        className="c17"
                        size="small"
                      >
                        <img
                          src="assets/icons/sosmed-facebook.svg"
                          style={
                            Object {
                              "display": "block",
                              "height": "1.8rem",
                              "width": "1.8rem",
                            }
                          }
                        />
                      </span>
                    </span>
                  </div>
                  <div
                    className="c2"
                  >
                    <span
                      className="c5"
                      size="small"
                    >
                      Line
                    </span>
                  </div>
                </div>
              </button>
            </div>
            <div
              className="c33"
            >
              <button
                className="c39"
                disabled={undefined}
                onClick={[Function]}
                size="small"
              >
                <div
                  className="c1"
                >
                  <div
                    className="c12"
                  >
                    <span
                      className="c16"
                      size="small"
                    >
                      <span
                        className="c17"
                        size="small"
                      >
                        <img
                          src="assets/icons/sosmed-facebook.svg"
                          style={
                            Object {
                              "display": "block",
                              "height": "1.8rem",
                              "width": "1.8rem",
                            }
                          }
                        />
                      </span>
                    </span>
                  </div>
                  <div
                    className="c2"
                  >
                    <span
                      className="c5"
                      size="small"
                    >
                      Line
                    </span>
                  </div>
                </div>
              </button>
            </div>
          </div>
        </td>
      </tr>
    </tbody>
  </table>
</div>
`;
