// Jest Snapshot v1, https://goo.gl/fbAQLP

exports[`Render Button story correctly 1`] = `
.c3 {
  font-family: -apple-system,BlinkMacSystemFont,Segoe UI,Roboto,Helvetica,Arial,sans-serif;
  -webkit-font-smoothing: antialiased;
  font-size: 1.6rem;
  font-weight: 500;
  color: #000000;
}

.c5 {
  font-family: -apple-system,BlinkMacSystemFont,Segoe UI,Roboto,Helvetica,Arial,sans-serif;
  -webkit-font-smoothing: antialiased;
  font-size: 1.4rem;
  font-weight: 500;
  color: #000000;
}

.c7 {
  font-family: -apple-system,BlinkMacSystemFont,Segoe UI,Roboto,Helvetica,Arial,sans-serif;
  -webkit-font-smoothing: antialiased;
  font-size: 1.2rem;
  font-weight: 500;
  color: #000000;
}

.c9 {
  font-family: -apple-system,BlinkMacSystemFont,Segoe UI,Roboto,Helvetica,Arial,sans-serif;
  -webkit-font-smoothing: antialiased;
  font-size: 1.6rem;
  font-weight: 500;
  color: #FFFFFF;
}

.c11 {
  font-family: -apple-system,BlinkMacSystemFont,Segoe UI,Roboto,Helvetica,Arial,sans-serif;
  -webkit-font-smoothing: antialiased;
  font-size: 1.6rem;
  font-weight: 500;
  color: #00a1b0;
}

.c13 {
  font-family: -apple-system,BlinkMacSystemFont,Segoe UI,Roboto,Helvetica,Arial,sans-serif;
  -webkit-font-smoothing: antialiased;
  font-size: 1.6rem;
  font-weight: 500;
  color: #f44336;
}

.c14 {
  font-family: -apple-system,BlinkMacSystemFont,Segoe UI,Roboto,Helvetica,Arial,sans-serif;
  -webkit-font-smoothing: antialiased;
  font-size: 1.6rem;
  font-weight: 400;
  color: #000000;
}

.c16 {
  font-family: -apple-system,BlinkMacSystemFont,Segoe UI,Roboto,Helvetica,Arial,sans-serif;
  -webkit-font-smoothing: antialiased;
  font-size: 1.6rem;
  font-weight: 400;
  color: #2196F3;
}

.c24 {
  font-family: -apple-system,BlinkMacSystemFont,Segoe UI,Roboto,Helvetica,Arial,sans-serif;
  -webkit-font-smoothing: antialiased;
  font-size: 1.4rem;
  font-weight: 500;
  color: #FFFFFF;
}

.c27 {
  font-family: -apple-system,BlinkMacSystemFont,Segoe UI,Roboto,Helvetica,Arial,sans-serif;
  -webkit-font-smoothing: antialiased;
  font-size: 1.2rem;
  font-weight: 500;
  color: #FFFFFF;
}

.c2 {
  display: table-cell;
  vertical-align: middle;
  width: 100%;
  font-size: 1.6rem;
  padding: 0.7rem 1.2rem;
}

.c4 {
  display: table-cell;
  vertical-align: middle;
  width: 100%;
  font-size: 1.4rem;
  padding: 0.3rem 1.2rem;
}

.c6 {
  display: table-cell;
  vertical-align: middle;
  width: 100%;
  font-size: 1.2rem;
  padding: 0rem 0.8rem;
}

.c37 {
  min-width: 1.6rem;
  height: 1.6rem;
  background: #f44336;
  color: #fff;
  border-radius: 0.8rem;
  border: solid 0.1rem #fff;
  position: absolute;
  top: 0.2rem;
  right: -0.6rem;
  font-size: 0.8rem;
  -webkit-font-smoothing: antialiased;
  font-weight: 500;
  line-height: 1.4rem;
  text-align: center;
  padding: 0 0.4rem;
}

.c17 {
  display: table-cell;
  vertical-align: middle;
  width: 1px;
}

.c18 {
  position: relative;
  display: block;
  padding: 0.7rem 0 .7rem .8rem;
}

.c22 {
  position: relative;
  display: block;
  padding: 0.5rem 0 .5rem .6rem;
}

.c25 {
  position: relative;
  display: block;
  padding: 0.3rem 0 .3rem .4rem;
}

.c28 {
  position: relative;
  display: block;
  padding: 0.7rem .8rem .7rem 0;
}

.c29 {
  position: relative;
  display: block;
  padding: 0.5rem .6rem .5rem 0;
}

.c30 {
  position: relative;
  display: block;
  padding: 0.3rem .4rem .3rem 0;
}

.c31 {
  position: relative;
  display: block;
  padding: .7rem .8rem;
}

.c32 {
  position: relative;
  display: block;
  padding: .5rem .6rem;
}

.c33 {
  position: relative;
  display: block;
  padding: .3rem .4rem;
}

.c20 {
  opacity: 1;
}

.c19 {
  display: block;
  position: relative;
  margin: 0 auto;
}

.c21 {
  width: 2.4rem;
  height: 2.4rem;
}

.c23 {
  width: 1.8rem;
  height: 1.8rem;
}

.c26 {
  width: 1.2rem;
  height: 1.2rem;
}

.c0 {
  -webkit-appearance: none;
  -moz-appearance: none;
  appearance: none;
  -webkit-user-select: none;
  -moz-user-select: none;
  -ms-user-select: none;
  user-select: none;
  font-family: inherit;
  padding: 0;
  outline: 0;
  -webkit-transition: 0.2s;
  transition: 0.2s;
  line-height: 2.4rem;
  -webkit-text-decoration: none !important;
  text-decoration: none !important;
  background-image: linear-gradient( 180deg, hsla(0,0%,100%,0.1), hsla(0,0%,100%,0) );
  position: relative;
  overflow: hidden;
  display: inline-block;
  border-radius: 0rem;
  width: auto;
  background-color: #fff;
  border: solid 0.1rem rgba(0,0,0,0.24);
  border-bottom-color: rgba(0,0,0,0.32);
  cursor: pointer;
  opacity: 1;
  vertical-align: middle;
}

.c0:hover {
  background-color: #d2d2d2;
}

.c8 {
  -webkit-appearance: none;
  -moz-appearance: none;
  appearance: none;
  -webkit-user-select: none;
  -moz-user-select: none;
  -ms-user-select: none;
  user-select: none;
  font-family: inherit;
  padding: 0;
  outline: 0;
  -webkit-transition: 0.2s;
  transition: 0.2s;
  line-height: 2.4rem;
  -webkit-text-decoration: none !important;
  text-decoration: none !important;
  background-image: linear-gradient( 180deg, hsla(0,0%,100%,0.1), hsla(0,0%,100%,0) );
  position: relative;
  overflow: hidden;
  display: inline-block;
  border-radius: 0rem;
  width: auto;
  background-color: #007bff;
  border: solid 0.1rem rgba(0,0,0,0.24);
  border-bottom-color: rgba(0,0,0,0.32);
  cursor: pointer;
  opacity: 1;
  vertical-align: middle;
}

.c8:hover {
  background-color: #0069d9;
}

.c10 {
  -webkit-appearance: none;
  -moz-appearance: none;
  appearance: none;
  -webkit-user-select: none;
  -moz-user-select: none;
  -ms-user-select: none;
  user-select: none;
  font-family: inherit;
  padding: 0;
  outline: 0;
  -webkit-transition: 0.2s;
  transition: 0.2s;
  line-height: 2.4rem;
  -webkit-text-decoration: none !important;
  text-decoration: none !important;
  background-image: linear-gradient( 180deg, hsla(0,0%,100%,0.1), hsla(0,0%,100%,0) );
  position: relative;
  overflow: hidden;
  display: inline-block;
  border-radius: 0rem;
  width: auto;
  background-color: #fff;
  border: solid 0.1rem #007bff;
  border-bottom-color: #0069d9;
  cursor: pointer;
  opacity: 1;
  vertical-align: middle;
}

.c10:hover {
  background-color: #fff;
}

.c12 {
  -webkit-appearance: none;
  -moz-appearance: none;
  appearance: none;
  -webkit-user-select: none;
  -moz-user-select: none;
  -ms-user-select: none;
  user-select: none;
  font-family: inherit;
  padding: 0;
  outline: 0;
  -webkit-transition: 0.2s;
  transition: 0.2s;
  line-height: 2.4rem;
  -webkit-text-decoration: none !important;
  text-decoration: none !important;
  background-image: linear-gradient( 180deg, hsla(0,0%,100%,0.1), hsla(0,0%,100%,0) );
  position: relative;
  overflow: hidden;
  display: inline-block;
  border-radius: 0rem;
  width: auto;
  background-color: #f8f8f8;
  border: solid 0.1rem rgba(0,0,0,0.24);
  border-bottom-color: rgba(0,0,0,0.32);
  cursor: pointer;
  opacity: 1;
  vertical-align: middle;
}

.c12:hover {
  background-color: #e4e4e4;
}

.c15 {
  -webkit-appearance: none;
  -moz-appearance: none;
  appearance: none;
  -webkit-user-select: none;
  -moz-user-select: none;
  -ms-user-select: none;
  user-select: none;
  font-family: inherit;
  padding: 0;
  outline: 0;
  -webkit-transition: 0.2s;
  transition: 0.2s;
  line-height: 2.4rem;
  -webkit-text-decoration: none !important;
  text-decoration: none !important;
  position: relative;
  overflow: hidden;
  display: inline-block;
  border-radius: 0rem;
  width: auto;
  background-color: transparent;
  border: 0;
  cursor: pointer;
  opacity: 1;
  vertical-align: middle;
}

.c15:hover {
  background-color: transparent;
}

.c34 {
  -webkit-appearance: none;
  -moz-appearance: none;
  appearance: none;
  -webkit-user-select: none;
  -moz-user-select: none;
  -ms-user-select: none;
  user-select: none;
  font-family: inherit;
  padding: 0;
  outline: 0;
  -webkit-transition: 0.2s;
  transition: 0.2s;
  line-height: 2.4rem;
  -webkit-text-decoration: none !important;
  text-decoration: none !important;
  background-image: linear-gradient( 180deg, hsla(0,0%,100%,0.1), hsla(0,0%,100%,0) );
  position: relative;
  overflow: hidden;
  display: inline-block;
  border-radius: 0rem;
  width: 100%;
  background-color: #007bff;
  border: solid 0.1rem rgba(0,0,0,0.24);
  border-bottom-color: rgba(0,0,0,0.32);
  cursor: pointer;
  opacity: 1;
  vertical-align: middle;
}

.c34:hover {
  background-color: #0069d9;
}

.c35 {
  -webkit-appearance: none;
  -moz-appearance: none;
  appearance: none;
  -webkit-user-select: none;
  -moz-user-select: none;
  -ms-user-select: none;
  user-select: none;
  font-family: inherit;
  padding: 0;
  outline: 0;
  -webkit-transition: 0.2s;
  transition: 0.2s;
  line-height: 2.4rem;
  -webkit-text-decoration: none !important;
  text-decoration: none !important;
  background-image: linear-gradient( 180deg, hsla(0,0%,100%,0.1), hsla(0,0%,100%,0) );
  position: relative;
  overflow: hidden;
  display: inline-block;
  border-radius: 8rem;
  width: auto;
  background-color: #007bff;
  border: solid 0.1rem rgba(0,0,0,0.24);
  border-bottom-color: rgba(0,0,0,0.32);
  cursor: pointer;
  opacity: 1;
  vertical-align: middle;
}

.c35:hover {
  background-color: #0069d9;
}

.c36 {
  -webkit-appearance: none;
  -moz-appearance: none;
  appearance: none;
  -webkit-user-select: none;
  -moz-user-select: none;
  -ms-user-select: none;
  user-select: none;
  font-family: inherit;
  padding: 0;
  outline: 0;
  -webkit-transition: 0.2s;
  transition: 0.2s;
  line-height: 2.4rem;
  -webkit-text-decoration: none !important;
  text-decoration: none !important;
  background-image: linear-gradient( 180deg, hsla(0,0%,100%,0.1), hsla(0,0%,100%,0) );
  position: relative;
  overflow: hidden;
  display: inline-block;
  border-radius: 0rem;
  width: auto;
  background-color: #fff;
  border: solid 0.1rem rgba(0,0,0,0.24);
  border-bottom-color: rgba(0,0,0,0.32);
  cursor: not-allowed;
  opacity: 0.72;
  vertical-align: middle;
}

.c36:hover {
  background-color: #fff;
}

.c40 {
  -webkit-appearance: none;
  -moz-appearance: none;
  appearance: none;
  -webkit-user-select: none;
  -moz-user-select: none;
  -ms-user-select: none;
  user-select: none;
  font-family: inherit;
  padding: 0;
  outline: 0;
  -webkit-transition: 0.2s;
  transition: 0.2s;
  line-height: 2.4rem;
  -webkit-text-decoration: none !important;
  text-decoration: none !important;
  background-image: linear-gradient( 180deg, hsla(0,0%,100%,0.1), hsla(0,0%,100%,0) );
  position: relative;
  overflow: hidden;
  display: inline-block;
  border-radius: 8rem 0 0 8rem;
  width: 100%;
  background-color: #fff;
  border: solid 0.1rem rgba(0,0,0,0.24);
  border-bottom-color: rgba(0,0,0,0.32);
  border-right: 0;
  cursor: pointer;
  opacity: 1;
  vertical-align: middle;
}

.c40:hover {
  background-color: #d2d2d2;
}

.c41 {
  -webkit-appearance: none;
  -moz-appearance: none;
  appearance: none;
  -webkit-user-select: none;
  -moz-user-select: none;
  -ms-user-select: none;
  user-select: none;
  font-family: inherit;
  padding: 0;
  outline: 0;
  -webkit-transition: 0.2s;
  transition: 0.2s;
  line-height: 2.4rem;
  -webkit-text-decoration: none !important;
  text-decoration: none !important;
  background-image: linear-gradient( 180deg, hsla(0,0%,100%,0.1), hsla(0,0%,100%,0) );
  position: relative;
  overflow: hidden;
  display: inline-block;
  border-radius: 0;
  width: 100%;
  background-color: #fff;
  border: solid 0.1rem rgba(0,0,0,0.24);
  border-bottom-color: rgba(0,0,0,0.32);
  border-right: 0;
  cursor: pointer;
  opacity: 1;
  vertical-align: middle;
}

.c41:hover {
  background-color: #d2d2d2;
}

.c42 {
  -webkit-appearance: none;
  -moz-appearance: none;
  appearance: none;
  -webkit-user-select: none;
  -moz-user-select: none;
  -ms-user-select: none;
  user-select: none;
  font-family: inherit;
  padding: 0;
  outline: 0;
  -webkit-transition: 0.2s;
  transition: 0.2s;
  line-height: 2.4rem;
  -webkit-text-decoration: none !important;
  text-decoration: none !important;
  background-image: linear-gradient( 180deg, hsla(0,0%,100%,0.1), hsla(0,0%,100%,0) );
  position: relative;
  overflow: hidden;
  display: inline-block;
  border-radius: 0 8rem 8rem 0;
  width: 100%;
  background-color: #fff;
  border: solid 0.1rem rgba(0,0,0,0.24);
  border-bottom-color: rgba(0,0,0,0.32);
  cursor: pointer;
  opacity: 1;
  vertical-align: middle;
}

.c42:hover {
  background-color: #d2d2d2;
}

.c1 {
  display: table;
  width: 100%;
}

.c38 {
  display: table;
}

.c39 {
  display: table-cell;
  vertical-align: middle;
}

<div
  className="doc-mainbar"
>
  <h1>
    Buttons
  </h1>
  <p>
    Usage: 
    <code>
      import { Button } from 'bapel'
    </code>
  </p>
  <table
    className="doc-table"
  >
    <thead>
      <tr>
        <th
          colSpan="3"
        >
          props: 
          <code>
            size
          </code>
        </th>
      </tr>
    </thead>
    <tbody>
      <tr>
        <td>
          <code>
            default
          </code>
        </td>
        <td>
          <button
            className="c0"
            disabled={false}
            onClick={[Function]}
            size="default"
          >
            <span
              className="c1"
            >
              <span
                className="c2"
                size="default"
              >
                <span
                  className="c3"
                  color="regular"
                  size="regular"
                >
                  Default
                </span>
              </span>
            </span>
          </button>
        </td>
        <td>
          <code>
            &lt;Button onClick={...}&gt;Default&lt;/Button&gt;
          </code>
        </td>
      </tr>
      <tr>
        <td>
          <code>
            small
          </code>
        </td>
        <td>
          <button
            className="c0"
            disabled={false}
            onClick={[Function]}
            size="small"
          >
            <span
              className="c1"
            >
              <span
                className="c4"
                size="small"
              >
                <span
                  className="c5"
                  color="regular"
                  size="small"
                >
                  Small
                </span>
              </span>
            </span>
          </button>
        </td>
        <td>
          <code>
            &lt;Button size="small"&gt;Default&lt;/Button&gt;
          </code>
        </td>
      </tr>
      <tr>
        <td>
          <code>
            xsmall
          </code>
        </td>
        <td>
          <button
            className="c0"
            disabled={false}
            onClick={[Function]}
            size="xsmall"
          >
            <span
              className="c1"
            >
              <span
                className="c6"
                size="xsmall"
              >
                <span
                  className="c7"
                  color="regular"
                  size="micro"
                >
                  XSmall
                </span>
              </span>
            </span>
          </button>
        </td>
        <td>
          <code>
            &lt;Button size="xsmall"&gt;Default&lt;/Button&gt;
          </code>
        </td>
      </tr>
    </tbody>
  </table>
  <table
    className="doc-table"
  >
    <thead>
      <tr>
        <th
          colSpan="3"
        >
          props: 
          <code>
            variant
          </code>
        </th>
      </tr>
    </thead>
    <tbody>
      <tr>
        <td
          colSpan="3"
        >
          usage: 
          <code>
            &lt;Button variant="primary"&gt;hello&lt;/Button&gt;
          </code>
        </td>
      </tr>
      <tr>
        <td>
          <code>
            default
          </code>
        </td>
        <td
          colSpan="2"
        >
          <button
            className="c0"
            disabled={false}
            onClick={[Function]}
            size="default"
          >
            <span
              className="c1"
            >
              <span
                className="c2"
                size="default"
              >
                <span
                  className="c3"
                  color="regular"
                  size="regular"
                >
                  Default
                </span>
              </span>
            </span>
          </button>
        </td>
      </tr>
      <tr>
        <td>
          <code>
            primary
          </code>
        </td>
        <td
          colSpan="2"
        >
          <button
            className="c8"
            disabled={false}
            onClick={[Function]}
            size="default"
          >
            <span
              className="c1"
            >
              <span
                className="c2"
                size="default"
              >
                <span
                  className="c9"
                  color="white"
                  size="regular"
                >
                  Primary
                </span>
              </span>
            </span>
          </button>
        </td>
      </tr>
      <tr>
        <td>
          <code>
            line
          </code>
        </td>
        <td
          colSpan="2"
        >
          <button
            className="c10"
            disabled={false}
            onClick={[Function]}
            size="default"
          >
            <span
              className="c1"
            >
              <span
                className="c2"
                size="default"
              >
                <span
                  className="c11"
                  color="cyan"
                  size="regular"
                >
                  Line
                </span>
              </span>
            </span>
          </button>
        </td>
      </tr>
      <tr>
        <td>
          <code>
            danger
          </code>
        </td>
        <td>
          <button
            className="c12"
            disabled={false}
            onClick={[Function]}
            size="default"
          >
            <span
              className="c1"
            >
              <span
                className="c2"
                size="default"
              >
                <span
                  className="c13"
                  color="red"
                  size="regular"
                >
                  Danger
                </span>
              </span>
            </span>
          </button>
        </td>
        <td>
          <button
            className="c12"
            disabled={false}
            onClick={[Function]}
            size="default"
          >
            <span
              className="c1"
            >
              <span
                className="c2"
                size="default"
              >
                <span
                  className="c14"
                  color="regular"
                  size="regular"
                >
                  Danger Text Override
                </span>
              </span>
            </span>
          </button>
        </td>
      </tr>
      <tr>
        <td>
          <code>
            link
          </code>
        </td>
        <td>
          <button
            className="c15"
            disabled={false}
            onClick={[Function]}
            size="default"
          >
            <span
              className="c1"
            >
              <span
                className="c2"
                size="default"
              >
                <span
                  className="c3"
                  color="regular"
                  size="regular"
                >
                  link
                </span>
              </span>
            </span>
          </button>
        </td>
        <td>
          <button
            className="c15"
            disabled={false}
            onClick={[Function]}
            size="default"
          >
            <span
              className="c1"
            >
              <span
                className="c2"
                size="default"
              >
                <span
                  className="c16"
                  color="blue"
                  size="regular"
                >
                  link text override
                </span>
              </span>
            </span>
          </button>
        </td>
      </tr>
    </tbody>
  </table>
  <table
    className="doc-table"
  >
    <thead>
      <tr>
        <th
          colSpan="4"
        >
          Presentation
        </th>
      </tr>
    </thead>
    <tbody>
      <tr>
        <td>
          Left icon
        </td>
        <td>
          <button
            className="c8"
            disabled={false}
            onClick={[Function]}
            size="default"
          >
            <span
              className="c1"
            >
              <div
                className="c17"
              >
                <span
                  className="c18"
                  size="default"
                >
                  <span
                    className="c19"
                    size="default"
                  >
                    <div
                      className="c20"
                      opacity={1}
                    >
                      <div
                        className="c21"
                        size="default"
                      >
                        <img
                          alt=""
                          src="http://mockup.sistemsista.com/icon/png/white/icon-bullhorn.png"
                          style={
                            Object {
                              "display": "block",
                              "height": "2.4rem",
                              "width": "2.4rem",
                            }
                          }
                        />
                      </div>
                    </div>
                  </span>
                </span>
              </div>
              <span
                className="c2"
                size="default"
              >
                <span
                  className="c9"
                  color="white"
                  size="regular"
                >
                  Notification
                </span>
              </span>
            </span>
          </button>
        </td>
        <td>
          <button
            className="c8"
            disabled={false}
            onClick={[Function]}
            size="small"
          >
            <span
              className="c1"
            >
              <div
                className="c17"
              >
                <span
                  className="c22"
                  size="small"
                >
                  <span
                    className="c19"
                    size="small"
                  >
                    <div
                      className="c20"
                      opacity={1}
                    >
                      <div
                        className="c23"
                        size="small"
                      >
                        <img
                          alt=""
                          src="http://mockup.sistemsista.com/icon/png/white/icon-bullhorn.png"
                          style={
                            Object {
                              "display": "block",
                              "height": "1.8rem",
                              "width": "1.8rem",
                            }
                          }
                        />
                      </div>
                    </div>
                  </span>
                </span>
              </div>
              <span
                className="c4"
                size="small"
              >
                <span
                  className="c24"
                  color="white"
                  size="small"
                >
                  Notification
                </span>
              </span>
            </span>
          </button>
        </td>
        <td>
          <button
            className="c8"
            disabled={false}
            onClick={[Function]}
            size="xsmall"
          >
            <span
              className="c1"
            >
              <div
                className="c17"
              >
                <span
                  className="c25"
                  size="xsmall"
                >
                  <span
                    className="c19"
                    size="xsmall"
                  >
                    <div
                      className="c20"
                      opacity={1}
                    >
                      <div
                        className="c26"
                        size="xsmall"
                      >
                        <img
                          alt=""
                          src="http://mockup.sistemsista.com/icon/png/white/icon-bullhorn.png"
                          style={
                            Object {
                              "display": "block",
                              "height": "1.2rem",
                              "width": "1.2rem",
                            }
                          }
                        />
                      </div>
                    </div>
                  </span>
                </span>
              </div>
              <span
                className="c6"
                size="xsmall"
              >
                <span
                  className="c27"
                  color="white"
                  size="micro"
                >
                  Notification
                </span>
              </span>
            </span>
          </button>
        </td>
      </tr>
      <tr>
        <td>
          Right icon
        </td>
        <td>
          <button
            className="c8"
            disabled={false}
            onClick={[Function]}
            size="default"
          >
            <span
              className="c1"
            >
              <span
                className="c2"
                size="default"
              >
                <span
                  className="c9"
                  color="white"
                  size="regular"
                >
                  Notification
                </span>
              </span>
              <div
                className="c17"
              >
                <span
                  className="c28"
                  size="default"
                >
                  <span
                    className="c19"
                    size="default"
                  >
                    <div
                      className="c20"
                      opacity={1}
                    >
                      <div
                        className="c21"
                        size="default"
                      >
                        <img
                          alt=""
                          src="http://mockup.sistemsista.com/icon/png/white/icon-bullhorn.png"
                          style={
                            Object {
                              "display": "block",
                              "height": "2.4rem",
                              "width": "2.4rem",
                            }
                          }
                        />
                      </div>
                    </div>
                  </span>
                </span>
              </div>
            </span>
          </button>
        </td>
        <td>
          <button
            className="c8"
            disabled={false}
            onClick={[Function]}
            size="small"
          >
            <span
              className="c1"
            >
              <span
                className="c4"
                size="small"
              >
                <span
                  className="c24"
                  color="white"
                  size="small"
                >
                  Notification
                </span>
              </span>
              <div
                className="c17"
              >
                <span
                  className="c29"
                  size="small"
                >
                  <span
                    className="c19"
                    size="small"
                  >
                    <div
                      className="c20"
                      opacity={1}
                    >
                      <div
                        className="c23"
                        size="small"
                      >
                        <img
                          alt=""
                          src="http://mockup.sistemsista.com/icon/png/white/icon-bullhorn.png"
                          style={
                            Object {
                              "display": "block",
                              "height": "1.8rem",
                              "width": "1.8rem",
                            }
                          }
                        />
                      </div>
                    </div>
                  </span>
                </span>
              </div>
            </span>
          </button>
        </td>
        <td>
          <button
            className="c8"
            disabled={false}
            onClick={[Function]}
            size="xsmall"
          >
            <span
              className="c1"
            >
              <span
                className="c6"
                size="xsmall"
              >
                <span
                  className="c27"
                  color="white"
                  size="micro"
                >
                  Notification
                </span>
              </span>
              <div
                className="c17"
              >
                <span
                  className="c30"
                  size="xsmall"
                >
                  <span
                    className="c19"
                    size="xsmall"
                  >
                    <div
                      className="c20"
                      opacity={1}
                    >
                      <div
                        className="c26"
                        size="xsmall"
                      >
                        <img
                          alt=""
                          src="http://mockup.sistemsista.com/icon/png/white/icon-bullhorn.png"
                          style={
                            Object {
                              "display": "block",
                              "height": "1.2rem",
                              "width": "1.2rem",
                            }
                          }
                        />
                      </div>
                    </div>
                  </span>
                </span>
              </div>
            </span>
          </button>
        </td>
      </tr>
      <tr>
        <td>
          Icon only
        </td>
        <td>
          <button
            className="c0"
            disabled={false}
            onClick={[Function]}
            size="default"
          >
            <span
              className="c1"
            >
              <div
                className="c17"
              >
                <span
                  className="c31"
                  size="default"
                >
                  <span
                    className="c19"
                    size="default"
                  >
                    <div
                      className="c20"
                      opacity={1}
                    >
                      <div
                        className="c21"
                        size="default"
                      >
                        <img
                          src="/assets/icons/18-plus-3bb8f3b7e4a01781d8ceab5ea3384993.svg"
                          style={
                            Object {
                              "display": "block",
                              "height": "2.4rem",
                              "width": "2.4rem",
                            }
                          }
                        />
                      </div>
                    </div>
                  </span>
                </span>
              </div>
            </span>
          </button>
        </td>
        <td>
          <button
            className="c0"
            disabled={false}
            onClick={[Function]}
            size="small"
          >
            <span
              className="c1"
            >
              <div
                className="c17"
              >
                <span
                  className="c32"
                  size="small"
                >
                  <span
                    className="c19"
                    size="small"
                  >
                    <div
                      className="c20"
                      opacity={1}
                    >
                      <div
                        className="c23"
                        size="small"
                      >
                        <img
                          src="/assets/icons/18-plus-3bb8f3b7e4a01781d8ceab5ea3384993.svg"
                          style={
                            Object {
                              "display": "block",
                              "height": "1.8rem",
                              "width": "1.8rem",
                            }
                          }
                        />
                      </div>
                    </div>
                  </span>
                </span>
              </div>
            </span>
          </button>
        </td>
        <td>
          <button
            className="c0"
            disabled={false}
            onClick={[Function]}
            size="xsmall"
          >
            <span
              className="c1"
            >
              <div
                className="c17"
              >
                <span
                  className="c33"
                  size="xsmall"
                >
                  <span
                    className="c19"
                    size="xsmall"
                  >
                    <div
                      className="c20"
                      opacity={1}
                    >
                      <div
                        className="c26"
                        size="xsmall"
                      >
                        <img
                          src="/assets/icons/18-plus-3bb8f3b7e4a01781d8ceab5ea3384993.svg"
                          style={
                            Object {
                              "display": "block",
                              "height": "1.2rem",
                              "width": "1.2rem",
                            }
                          }
                        />
                      </div>
                    </div>
                  </span>
                </span>
              </div>
            </span>
          </button>
        </td>
      </tr>
      <tr>
        <td>
          Button block
        </td>
        <td
          colSpan="3"
        >
          <button
            className="c34"
            disabled={false}
            onClick={[Function]}
            size="default"
          >
            <span
              className="c1"
            >
              <span
                className="c2"
                size="default"
              >
                <span
                  className="c9"
                  color="white"
                  size="regular"
                >
                  Button
                </span>
              </span>
            </span>
          </button>
        </td>
      </tr>
      <tr>
        <td>
          Button block icon
        </td>
        <td
          colSpan="3"
        >
          <button
            className="c34"
            disabled={false}
            onClick={[Function]}
            size="default"
          >
            <span
              className="c1"
            >
              <div
                className="c17"
              >
                <span
                  className="c18"
                  size="default"
                >
                  <span
                    className="c19"
                    size="default"
                  >
                    <div
                      className="c20"
                      opacity={1}
                    >
                      <div
                        className="c21"
                        size="default"
                      >
                        <img
                          alt=""
                          src="http://mockup.sistemsista.com/icon/png/white/icon-bullhorn.png"
                          style={
                            Object {
                              "display": "block",
                              "height": "2.4rem",
                              "width": "2.4rem",
                            }
                          }
                        />
                      </div>
                    </div>
                  </span>
                </span>
              </div>
              <span
                className="c2"
                size="default"
              >
                <span
                  className="c9"
                  color="white"
                  size="regular"
                >
                  Button
                </span>
              </span>
            </span>
          </button>
        </td>
      </tr>
      <tr>
        <td>
          Button round
        </td>
        <td
          colSpan="3"
        >
          <button
            className="c35"
            disabled={false}
            onClick={[Function]}
            size="default"
          >
            <span
              className="c1"
            >
              <div
                className="c17"
              >
                <span
                  className="c18"
                  size="default"
                >
                  <span
                    className="c19"
                    size="default"
                  >
                    <div
                      className="c20"
                      opacity={1}
                    >
                      <div
                        className="c21"
                        size="default"
                      >
                        <img
                          alt=""
                          src="http://mockup.sistemsista.com/icon/png/white/icon-bullhorn.png"
                          style={
                            Object {
                              "display": "block",
                              "height": "2.4rem",
                              "width": "2.4rem",
                            }
                          }
                        />
                      </div>
                    </div>
                  </span>
                </span>
              </div>
              <span
                className="c2"
                size="default"
              >
                <span
                  className="c9"
                  color="white"
                  size="regular"
                >
                  Button
                </span>
              </span>
            </span>
          </button>
        </td>
      </tr>
      <tr>
        <td>
          Disabled
        </td>
        <td
          colSpan="3"
        >
          <button
            className="c36"
            disabled={true}
            onClick={[Function]}
            size="default"
          >
            <span
              className="c1"
            >
              <div
                className="c17"
              >
                <span
                  className="c18"
                  size="default"
                >
                  <span
                    className="c19"
                    size="default"
                  >
                    <div
                      className="c20"
                      opacity={1}
                    >
                      <div
                        className="c21"
                        size="default"
                      >
                        <img
                          alt=""
                          src="http://mockup.sistemsista.com/icon/png/black/icon-bullhorn.png"
                          style={
                            Object {
                              "display": "block",
                              "height": "2.4rem",
                              "width": "2.4rem",
                            }
                          }
                        />
                      </div>
                    </div>
                  </span>
                </span>
              </div>
              <span
                className="c2"
                size="default"
              >
                <span
                  className="c3"
                  color="regular"
                  size="regular"
                >
                  Button
                </span>
              </span>
            </span>
          </button>
        </td>
      </tr>
      <tr>
        <td>
          Icon & Notification
        </td>
        <td
          colSpan="3"
        >
          <button
            className="c8"
            disabled={false}
            onClick={[Function]}
            size="default"
          >
            <span
              className="c1"
            >
              <div
                className="c17"
              >
                <span
                  className="c18"
                  size="default"
                >
                  <span
                    className="c19"
                    size="default"
                  >
                    <div
                      className="c20"
                      opacity={1}
                    >
                      <div
                        className="c21"
                        size="default"
                      >
                        <img
                          alt=""
                          src="http://mockup.sistemsista.com/icon/png/white/icon-bullhorn.png"
                          style={
                            Object {
                              "display": "block",
                              "height": "2.4rem",
                              "width": "2.4rem",
                            }
                          }
                        />
                      </div>
                    </div>
                  </span>
                  <div
                    className="c37"
                  >
                    9
                  </div>
                </span>
              </div>
              <span
                className="c2"
                size="default"
              >
                <span
                  className="c9"
                  color="white"
                  size="regular"
                >
                  Button
                </span>
              </span>
            </span>
          </button>
        </td>
      </tr>
    </tbody>
  </table>
  <table
    className="doc-table"
  >
    <thead>
      <tr>
        <th
          colSpan="3"
        >
          Extras
        </th>
      </tr>
    </thead>
    <tbody>
      <tr>
        <td>
          Button group
        </td>
        <td>
          <div
            className="c38"
          >
            <div
              className="c39"
            >
              <button
                className="c40"
                disabled={false}
                onClick={[Function]}
                size="default"
              >
                <span
                  className="c1"
                >
                  <div
                    className="c17"
                  >
                    <span
                      className="c18"
                      size="default"
                    >
                      <span
                        className="c19"
                        size="default"
                      >
                        <div
                          className="c20"
                          opacity={1}
                        >
                          <div
                            className="c21"
                            size="default"
                          >
                            <img
                              src="/assets/icons/sosmed-facebook-eeea5142234aa29cdda43fb6a156fb45.svg"
                              style={
                                Object {
                                  "display": "block",
                                  "height": "2.4rem",
                                  "width": "2.4rem",
                                }
                              }
                            />
                          </div>
                        </div>
                      </span>
                    </span>
                  </div>
                  <span
                    className="c2"
                    size="default"
                  >
                    <span
                      className="c3"
                      color="regular"
                      size="regular"
                    >
                      Line
                    </span>
                  </span>
                </span>
              </button>
            </div>
            <div
              className="c39"
            >
              <button
                className="c41"
                disabled={false}
                onClick={[Function]}
                size="default"
              >
                <span
                  className="c1"
                >
                  <div
                    className="c17"
                  >
                    <span
                      className="c18"
                      size="default"
                    >
                      <span
                        className="c19"
                        size="default"
                      >
                        <div
                          className="c20"
                          opacity={1}
                        >
                          <div
                            className="c21"
                            size="default"
                          >
                            <img
                              src="/assets/icons/sosmed-facebook-eeea5142234aa29cdda43fb6a156fb45.svg"
                              style={
                                Object {
                                  "display": "block",
                                  "height": "2.4rem",
                                  "width": "2.4rem",
                                }
                              }
                            />
                          </div>
                        </div>
                      </span>
                    </span>
                  </div>
                  <span
                    className="c2"
                    size="default"
                  >
                    <span
                      className="c3"
                      color="regular"
                      size="regular"
                    >
                      Line
                    </span>
                  </span>
                </span>
              </button>
            </div>
            <div
              className="c39"
            >
              <button
                className="c42"
                disabled={false}
                onClick={[Function]}
                size="default"
              >
                <span
                  className="c1"
                >
                  <div
                    className="c17"
                  >
                    <span
                      className="c18"
                      size="default"
                    >
                      <span
                        className="c19"
                        size="default"
                      >
                        <div
                          className="c20"
                          opacity={1}
                        >
                          <div
                            className="c21"
                            size="default"
                          >
                            <img
                              src="/assets/icons/sosmed-facebook-eeea5142234aa29cdda43fb6a156fb45.svg"
                              style={
                                Object {
                                  "display": "block",
                                  "height": "2.4rem",
                                  "width": "2.4rem",
                                }
                              }
                            />
                          </div>
                        </div>
                      </span>
                    </span>
                  </div>
                  <span
                    className="c2"
                    size="default"
                  >
                    <span
                      className="c3"
                      color="regular"
                      size="regular"
                    >
                      Line
                    </span>
                  </span>
                </span>
              </button>
            </div>
          </div>
        </td>
        <td>
          <div
            className="c38"
          >
            <div
              className="c39"
            >
              <button
                className="c40"
                disabled={false}
                onClick={[Function]}
                size="default"
              >
                <span
                  className="c1"
                >
                  <div
                    className="c17"
                  >
                    <span
                      className="c18"
                      size="default"
                    >
                      <span
                        className="c19"
                        size="default"
                      >
                        <div
                          className="c20"
                          opacity={1}
                        >
                          <div
                            className="c21"
                            size="default"
                          >
                            <img
                              src="/assets/icons/sosmed-facebook-eeea5142234aa29cdda43fb6a156fb45.svg"
                              style={
                                Object {
                                  "display": "block",
                                  "height": "2.4rem",
                                  "width": "2.4rem",
                                }
                              }
                            />
                          </div>
                        </div>
                      </span>
                    </span>
                  </div>
                  <span
                    className="c2"
                    size="default"
                  >
                    <span
                      className="c3"
                      color="regular"
                      size="regular"
                    >
                      Line
                    </span>
                  </span>
                </span>
              </button>
            </div>
            <div
              className="c39"
            >
              <button
                className="c42"
                disabled={false}
                onClick={[Function]}
                size="default"
              >
                <span
                  className="c1"
                >
                  <div
                    className="c17"
                  >
                    <span
                      className="c18"
                      size="default"
                    >
                      <span
                        className="c19"
                        size="default"
                      >
                        <div
                          className="c20"
                          opacity={1}
                        >
                          <div
                            className="c21"
                            size="default"
                          >
                            <img
                              src="/assets/icons/sosmed-facebook-eeea5142234aa29cdda43fb6a156fb45.svg"
                              style={
                                Object {
                                  "display": "block",
                                  "height": "2.4rem",
                                  "width": "2.4rem",
                                }
                              }
                            />
                          </div>
                        </div>
                      </span>
                    </span>
                  </div>
                  <span
                    className="c2"
                    size="default"
                  >
                    <span
                      className="c3"
                      color="regular"
                      size="regular"
                    >
                      Line
                    </span>
                  </span>
                </span>
              </button>
            </div>
          </div>
        </td>
      </tr>
      <tr>
        <td>
          Button group small
        </td>
        <td
          colSpan="2"
        >
          <div
            className="c38"
          >
            <div
              className="c39"
            >
              <button
                className="c40"
                disabled={false}
                onClick={[Function]}
                size="small"
              >
                <span
                  className="c1"
                >
                  <div
                    className="c17"
                  >
                    <span
                      className="c22"
                      size="small"
                    >
                      <span
                        className="c19"
                        size="small"
                      >
                        <div
                          className="c20"
                          opacity={1}
                        >
                          <div
                            className="c23"
                            size="small"
                          >
                            <img
                              src="/assets/icons/sosmed-facebook-eeea5142234aa29cdda43fb6a156fb45.svg"
                              style={
                                Object {
                                  "display": "block",
                                  "height": "1.8rem",
                                  "width": "1.8rem",
                                }
                              }
                            />
                          </div>
                        </div>
                      </span>
                    </span>
                  </div>
                  <span
                    className="c4"
                    size="small"
                  >
                    <span
                      className="c5"
                      color="regular"
                      size="small"
                    >
                      Line
                    </span>
                  </span>
                </span>
              </button>
            </div>
            <div
              className="c39"
            >
              <button
                className="c41"
                disabled={false}
                onClick={[Function]}
                size="small"
              >
                <span
                  className="c1"
                >
                  <div
                    className="c17"
                  >
                    <span
                      className="c22"
                      size="small"
                    >
                      <span
                        className="c19"
                        size="small"
                      >
                        <div
                          className="c20"
                          opacity={1}
                        >
                          <div
                            className="c23"
                            size="small"
                          >
                            <img
                              src="/assets/icons/sosmed-facebook-eeea5142234aa29cdda43fb6a156fb45.svg"
                              style={
                                Object {
                                  "display": "block",
                                  "height": "1.8rem",
                                  "width": "1.8rem",
                                }
                              }
                            />
                          </div>
                        </div>
                      </span>
                    </span>
                  </div>
                  <span
                    className="c4"
                    size="small"
                  >
                    <span
                      className="c5"
                      color="regular"
                      size="small"
                    >
                      Line
                    </span>
                  </span>
                </span>
              </button>
            </div>
            <div
              className="c39"
            >
              <button
                className="c42"
                disabled={false}
                onClick={[Function]}
                size="small"
              >
                <span
                  className="c1"
                >
                  <div
                    className="c17"
                  >
                    <span
                      className="c22"
                      size="small"
                    >
                      <span
                        className="c19"
                        size="small"
                      >
                        <div
                          className="c20"
                          opacity={1}
                        >
                          <div
                            className="c23"
                            size="small"
                          >
                            <img
                              src="/assets/icons/sosmed-facebook-eeea5142234aa29cdda43fb6a156fb45.svg"
                              style={
                                Object {
                                  "display": "block",
                                  "height": "1.8rem",
                                  "width": "1.8rem",
                                }
                              }
                            />
                          </div>
                        </div>
                      </span>
                    </span>
                  </div>
                  <span
                    className="c4"
                    size="small"
                  >
                    <span
                      className="c5"
                      color="regular"
                      size="small"
                    >
                      Line
                    </span>
                  </span>
                </span>
              </button>
            </div>
          </div>
        </td>
      </tr>
    </tbody>
  </table>
</div>
`;
