// Jest Snapshot v1, https://goo.gl/fbAQLP

exports[`Render Button story correctly 1`] = `
.c0 {
  font-size: 16px;
  font-family: 'Poppins',sans-serif;
}

.c4 {
  font-family: -apple-system,BlinkMacSystemFont,Segoe UI,Roboto,Helvetica,Arial,sans-serif;
  -webkit-font-smoothing: antialiased;
  font-size: 1rem;
  font-weight: 500;
  color: #000000;
}

.c6 {
  font-family: -apple-system,BlinkMacSystemFont,Segoe UI,Roboto,Helvetica,Arial,sans-serif;
  -webkit-font-smoothing: antialiased;
  font-size: .8rem;
  font-weight: 500;
  color: #000000;
}

.c8 {
  font-family: -apple-system,BlinkMacSystemFont,Segoe UI,Roboto,Helvetica,Arial,sans-serif;
  -webkit-font-smoothing: antialiased;
  font-size: .6rem;
  font-weight: 500;
  color: #000000;
}

.c10 {
  font-family: -apple-system,BlinkMacSystemFont,Segoe UI,Roboto,Helvetica,Arial,sans-serif;
  -webkit-font-smoothing: antialiased;
  font-size: 1rem;
  font-weight: 500;
  color: #FFFFFF;
}

.c12 {
  font-family: -apple-system,BlinkMacSystemFont,Segoe UI,Roboto,Helvetica,Arial,sans-serif;
  -webkit-font-smoothing: antialiased;
  font-size: 1rem;
  font-weight: 500;
  color: #00a1b0;
}

.c14 {
  font-family: -apple-system,BlinkMacSystemFont,Segoe UI,Roboto,Helvetica,Arial,sans-serif;
  -webkit-font-smoothing: antialiased;
  font-size: 1rem;
  font-weight: 500;
  color: #f44336;
}

.c15 {
  font-family: -apple-system,BlinkMacSystemFont,Segoe UI,Roboto,Helvetica,Arial,sans-serif;
  -webkit-font-smoothing: antialiased;
  font-size: 1rem;
  font-weight: 400;
  color: #000000;
}

.c17 {
  font-family: -apple-system,BlinkMacSystemFont,Segoe UI,Roboto,Helvetica,Arial,sans-serif;
  -webkit-font-smoothing: antialiased;
  font-size: 1rem;
  font-weight: 400;
  color: #2196F3;
}

.c25 {
  font-family: -apple-system,BlinkMacSystemFont,Segoe UI,Roboto,Helvetica,Arial,sans-serif;
  -webkit-font-smoothing: antialiased;
  font-size: .8rem;
  font-weight: 500;
  color: #FFFFFF;
}

.c28 {
  font-family: -apple-system,BlinkMacSystemFont,Segoe UI,Roboto,Helvetica,Arial,sans-serif;
  -webkit-font-smoothing: antialiased;
  font-size: .6rem;
  font-weight: 500;
  color: #FFFFFF;
}

.c3 {
  display: table-cell;
  vertical-align: middle;
  width: 100%;
  font-size: inherit;
  padding: 0.5rem 1rem;
}

.c5 {
  display: table-cell;
  vertical-align: middle;
  width: 100%;
  font-size: inherit;
  padding: 0.1rem 1rem;
}

.c7 {
  display: table-cell;
  vertical-align: middle;
  width: 100%;
  font-size: inherit;
  padding: 0rem 0.8rem;
}

.c38 {
  min-width: 1.6rem;
  height: 1.6rem;
  background: #f44336;
  color: #fff;
  border-radius: 0.8rem;
  border: solid 0.1rem #fff;
  position: absolute;
  top: 0.2rem;
  right: -0.6rem;
  font-size: 0.8rem;
  -webkit-font-smoothing: antialiased;
  font-weight: 500;
  line-height: 1.4rem;
  text-align: center;
  padding: 0 0.4rem;
}

.c18 {
  display: table-cell;
  vertical-align: middle;
  width: 1px;
}

.c19 {
  position: relative;
  display: block;
  padding: 0.7rem 0 .7rem .8rem;
}

.c23 {
  position: relative;
  display: block;
  padding: 0.5rem 0 .5rem .6rem;
}

.c26 {
  position: relative;
  display: block;
  padding: 0.3rem 0 .3rem .4rem;
}

.c29 {
  position: relative;
  display: block;
  padding: 0.7rem .8rem .7rem 0;
}

.c30 {
  position: relative;
  display: block;
  padding: 0.5rem .6rem .5rem 0;
}

.c31 {
  position: relative;
  display: block;
  padding: 0.3rem .4rem .3rem 0;
}

.c32 {
  position: relative;
  display: block;
  padding: .7rem .8rem;
}

.c33 {
  position: relative;
  display: block;
  padding: .5rem .6rem;
}

.c34 {
  position: relative;
  display: block;
  padding: .3rem .4rem;
}

.c21 {
  opacity: 1;
}

.c20 {
  display: block;
  position: relative;
  margin: 0 auto;
}

.c22 {
  width: 2.4rem;
  height: 2.4rem;
}

.c24 {
  width: 1.8rem;
  height: 1.8rem;
}

.c27 {
  width: 1.2rem;
  height: 1.2rem;
}

.c1 {
  -webkit-appearance: none;
  -moz-appearance: none;
  appearance: none;
  -webkit-user-select: none;
  -moz-user-select: none;
  -ms-user-select: none;
  user-select: none;
  font-family: inherit;
  padding: 0;
  outline: 0;
  -webkit-transition: 0.2s;
  transition: 0.2s;
  -webkit-text-decoration: none !important;
  text-decoration: none !important;
  background-image: linear-gradient( 180deg, hsla(0,0%,100%,0.1), hsla(0,0%,100%,0) );
  position: relative;
  overflow: hidden;
  display: inline-block;
  border-radius: 0rem;
  width: auto;
  background-color: #fff;
  color: '';
  border: solid 0.1rem rgba(0,0,0,0.24);
  border-bottom-color: rgba(0,0,0,0.32);
  cursor: pointer;
  opacity: 1;
  vertical-align: middle;
}

.c1:hover {
  background-color: #d2d2d2;
}

.c9 {
  -webkit-appearance: none;
  -moz-appearance: none;
  appearance: none;
  -webkit-user-select: none;
  -moz-user-select: none;
  -ms-user-select: none;
  user-select: none;
  font-family: inherit;
  padding: 0;
  outline: 0;
  -webkit-transition: 0.2s;
  transition: 0.2s;
  -webkit-text-decoration: none !important;
  text-decoration: none !important;
  background-image: linear-gradient( 180deg, hsla(0,0%,100%,0.1), hsla(0,0%,100%,0) );
  position: relative;
  overflow: hidden;
  display: inline-block;
  border-radius: 0rem;
  width: auto;
  background-color: #3d70b2;
  color: '';
  border: solid 0.1rem rgba(0,0,0,0.24);
  border-bottom-color: rgba(0,0,0,0.32);
  cursor: pointer;
  opacity: 1;
  vertical-align: middle;
}

.c9:hover {
  background-color: #30588c;
}

.c11 {
  -webkit-appearance: none;
  -moz-appearance: none;
  appearance: none;
  -webkit-user-select: none;
  -moz-user-select: none;
  -ms-user-select: none;
  user-select: none;
  font-family: inherit;
  padding: 0;
  outline: 0;
  -webkit-transition: 0.2s;
  transition: 0.2s;
  -webkit-text-decoration: none !important;
  text-decoration: none !important;
  background-image: linear-gradient( 180deg, hsla(0,0%,100%,0.1), hsla(0,0%,100%,0) );
  position: relative;
  overflow: hidden;
  display: inline-block;
  border-radius: 0rem;
  width: auto;
  background-color: #fff;
  color: '';
  border: solid 0.1rem #3d70b2;
  border-bottom-color: #30588c;
  cursor: pointer;
  opacity: 1;
  vertical-align: middle;
}

.c11:hover {
  background-color: #fff;
}

.c13 {
  -webkit-appearance: none;
  -moz-appearance: none;
  appearance: none;
  -webkit-user-select: none;
  -moz-user-select: none;
  -ms-user-select: none;
  user-select: none;
  font-family: inherit;
  padding: 0;
  outline: 0;
  -webkit-transition: 0.2s;
  transition: 0.2s;
  -webkit-text-decoration: none !important;
  text-decoration: none !important;
  background-image: linear-gradient( 180deg, hsla(0,0%,100%,0.1), hsla(0,0%,100%,0) );
  position: relative;
  overflow: hidden;
  display: inline-block;
  border-radius: 0rem;
  width: auto;
  background-color: #f8f8f8;
  color: '';
  border: solid 0.1rem rgba(0,0,0,0.24);
  border-bottom-color: rgba(0,0,0,0.32);
  cursor: pointer;
  opacity: 1;
  vertical-align: middle;
}

.c13:hover {
  background-color: #e4e4e4;
}

.c16 {
  -webkit-appearance: none;
  -moz-appearance: none;
  appearance: none;
  -webkit-user-select: none;
  -moz-user-select: none;
  -ms-user-select: none;
  user-select: none;
  font-family: inherit;
  padding: 0;
  outline: 0;
  -webkit-transition: 0.2s;
  transition: 0.2s;
  -webkit-text-decoration: none !important;
  text-decoration: none !important;
  position: relative;
  overflow: hidden;
  display: inline-block;
  border-radius: 0rem;
  width: auto;
  background-color: transparent;
  color: '';
  border: 0;
  cursor: pointer;
  opacity: 1;
  vertical-align: middle;
}

.c16:hover {
  background-color: transparent;
}

.c35 {
  -webkit-appearance: none;
  -moz-appearance: none;
  appearance: none;
  -webkit-user-select: none;
  -moz-user-select: none;
  -ms-user-select: none;
  user-select: none;
  font-family: inherit;
  padding: 0;
  outline: 0;
  -webkit-transition: 0.2s;
  transition: 0.2s;
  -webkit-text-decoration: none !important;
  text-decoration: none !important;
  background-image: linear-gradient( 180deg, hsla(0,0%,100%,0.1), hsla(0,0%,100%,0) );
  position: relative;
  overflow: hidden;
  display: inline-block;
  border-radius: 0rem;
  width: 100%;
  background-color: #3d70b2;
  color: '';
  border: solid 0.1rem rgba(0,0,0,0.24);
  border-bottom-color: rgba(0,0,0,0.32);
  cursor: pointer;
  opacity: 1;
  vertical-align: middle;
}

.c35:hover {
  background-color: #30588c;
}

.c36 {
  -webkit-appearance: none;
  -moz-appearance: none;
  appearance: none;
  -webkit-user-select: none;
  -moz-user-select: none;
  -ms-user-select: none;
  user-select: none;
  font-family: inherit;
  padding: 0;
  outline: 0;
  -webkit-transition: 0.2s;
  transition: 0.2s;
  -webkit-text-decoration: none !important;
  text-decoration: none !important;
  background-image: linear-gradient( 180deg, hsla(0,0%,100%,0.1), hsla(0,0%,100%,0) );
  position: relative;
  overflow: hidden;
  display: inline-block;
  border-radius: 8rem;
  width: auto;
  background-color: #3d70b2;
  color: '';
  border: solid 0.1rem rgba(0,0,0,0.24);
  border-bottom-color: rgba(0,0,0,0.32);
  cursor: pointer;
  opacity: 1;
  vertical-align: middle;
}

.c36:hover {
  background-color: #30588c;
}

.c37 {
  -webkit-appearance: none;
  -moz-appearance: none;
  appearance: none;
  -webkit-user-select: none;
  -moz-user-select: none;
  -ms-user-select: none;
  user-select: none;
  font-family: inherit;
  padding: 0;
  outline: 0;
  -webkit-transition: 0.2s;
  transition: 0.2s;
  -webkit-text-decoration: none !important;
  text-decoration: none !important;
  background-image: linear-gradient( 180deg, hsla(0,0%,100%,0.1), hsla(0,0%,100%,0) );
  position: relative;
  overflow: hidden;
  display: inline-block;
  border-radius: 0rem;
  width: auto;
  background-color: #fff;
  color: '';
  border: solid 0.1rem rgba(0,0,0,0.24);
  border-bottom-color: rgba(0,0,0,0.32);
  cursor: not-allowed;
  opacity: 0.72;
  vertical-align: middle;
}

.c37:hover {
  background-color: #fff;
}

.c41 {
  -webkit-appearance: none;
  -moz-appearance: none;
  appearance: none;
  -webkit-user-select: none;
  -moz-user-select: none;
  -ms-user-select: none;
  user-select: none;
  font-family: inherit;
  padding: 0;
  outline: 0;
  -webkit-transition: 0.2s;
  transition: 0.2s;
  -webkit-text-decoration: none !important;
  text-decoration: none !important;
  background-image: linear-gradient( 180deg, hsla(0,0%,100%,0.1), hsla(0,0%,100%,0) );
  position: relative;
  overflow: hidden;
  display: inline-block;
  border-radius: 8rem 0 0 8rem;
  width: 100%;
  background-color: #fff;
  color: '';
  border: solid 0.1rem rgba(0,0,0,0.24);
  border-bottom-color: rgba(0,0,0,0.32);
  border-right: 0;
  cursor: pointer;
  opacity: 1;
  vertical-align: middle;
}

.c41:hover {
  background-color: #d2d2d2;
}

.c42 {
  -webkit-appearance: none;
  -moz-appearance: none;
  appearance: none;
  -webkit-user-select: none;
  -moz-user-select: none;
  -ms-user-select: none;
  user-select: none;
  font-family: inherit;
  padding: 0;
  outline: 0;
  -webkit-transition: 0.2s;
  transition: 0.2s;
  -webkit-text-decoration: none !important;
  text-decoration: none !important;
  background-image: linear-gradient( 180deg, hsla(0,0%,100%,0.1), hsla(0,0%,100%,0) );
  position: relative;
  overflow: hidden;
  display: inline-block;
  border-radius: 0;
  width: 100%;
  background-color: #fff;
  color: '';
  border: solid 0.1rem rgba(0,0,0,0.24);
  border-bottom-color: rgba(0,0,0,0.32);
  border-right: 0;
  cursor: pointer;
  opacity: 1;
  vertical-align: middle;
}

.c42:hover {
  background-color: #d2d2d2;
}

.c43 {
  -webkit-appearance: none;
  -moz-appearance: none;
  appearance: none;
  -webkit-user-select: none;
  -moz-user-select: none;
  -ms-user-select: none;
  user-select: none;
  font-family: inherit;
  padding: 0;
  outline: 0;
  -webkit-transition: 0.2s;
  transition: 0.2s;
  -webkit-text-decoration: none !important;
  text-decoration: none !important;
  background-image: linear-gradient( 180deg, hsla(0,0%,100%,0.1), hsla(0,0%,100%,0) );
  position: relative;
  overflow: hidden;
  display: inline-block;
  border-radius: 0 8rem 8rem 0;
  width: 100%;
  background-color: #fff;
  color: '';
  border: solid 0.1rem rgba(0,0,0,0.24);
  border-bottom-color: rgba(0,0,0,0.32);
  cursor: pointer;
  opacity: 1;
  vertical-align: middle;
}

.c43:hover {
  background-color: #d2d2d2;
}

.c2 {
  display: table;
  width: 100%;
}

.c39 {
  display: table;
}

.c40 {
  display: table-cell;
  vertical-align: middle;
}

<div
  className="doc-mainbar"
>
  <h1>
    Buttons
  </h1>
  <p>
    Usage: 
    <code>
      import { Button } from 'bapel'
    </code>
  </p>
  <table
    className="doc-table"
  >
    <thead>
      <tr>
        <th
          colSpan="3"
        >
          props: 
          <code>
            size
          </code>
        </th>
      </tr>
    </thead>
    <tbody>
      <tr>
        <td>
          <code>
            default
          </code>
        </td>
        <td>
          <div
            className="c0"
          >
            <button
              className="c1"
              disabled={false}
              onClick={[Function]}
              size="default"
            >
              <span
                className="c2"
              >
                <span
                  className="c3"
                  size="default"
                >
                  <span
                    className="c4"
                    color="regular"
                    size="regular"
                  >
                    Default
                  </span>
                </span>
              </span>
            </button>
          </div>
        </td>
        <td>
          <code>
            &lt;Button onClick={...}&gt;Default&lt;/Button&gt;
          </code>
        </td>
      </tr>
      <tr>
        <td>
          <code>
            small
          </code>
        </td>
        <td>
          <div
            className="c0"
          >
            <button
              className="c1"
              disabled={false}
              onClick={[Function]}
              size="small"
            >
              <span
                className="c2"
              >
                <span
                  className="c5"
                  size="small"
                >
                  <span
                    className="c6"
                    color="regular"
                    size="small"
                  >
                    Small
                  </span>
                </span>
              </span>
            </button>
          </div>
        </td>
        <td>
          <code>
            &lt;Button size="small"&gt;Default&lt;/Button&gt;
          </code>
        </td>
      </tr>
      <tr>
        <td>
          <code>
            xsmall
          </code>
        </td>
        <td>
          <div
            className="c0"
          >
            <button
              className="c1"
              disabled={false}
              onClick={[Function]}
              size="xsmall"
            >
              <span
                className="c2"
              >
                <span
                  className="c7"
                  size="xsmall"
                >
                  <span
                    className="c8"
                    color="regular"
                    size="micro"
                  >
                    XSmall
                  </span>
                </span>
              </span>
            </button>
          </div>
        </td>
        <td>
          <code>
            &lt;Button size="xsmall"&gt;Default&lt;/Button&gt;
          </code>
        </td>
      </tr>
    </tbody>
  </table>
  <table
    className="doc-table"
  >
    <thead>
      <tr>
        <th
          colSpan="3"
        >
          props: 
          <code>
            variant
          </code>
        </th>
      </tr>
    </thead>
    <tbody>
      <tr>
        <td
          colSpan="3"
        >
          usage: 
          <code>
            &lt;Button variant="primary"&gt;hello&lt;/Button&gt;
          </code>
        </td>
      </tr>
      <tr>
        <td>
          <code>
            default
          </code>
        </td>
        <td
          colSpan="2"
        >
          <div
            className="c0"
          >
            <button
              className="c1"
              disabled={false}
              onClick={[Function]}
              size="default"
            >
              <span
                className="c2"
              >
                <span
                  className="c3"
                  size="default"
                >
                  <span
                    className="c4"
                    color="regular"
                    size="regular"
                  >
                    Default
                  </span>
                </span>
              </span>
            </button>
          </div>
        </td>
      </tr>
      <tr>
        <td>
          <code>
            primary
          </code>
        </td>
        <td
          colSpan="2"
        >
          <div
            className="c0"
          >
            <button
              className="c9"
              disabled={false}
              onClick={[Function]}
              size="default"
            >
              <span
                className="c2"
              >
                <span
                  className="c3"
                  size="default"
                >
                  <span
                    className="c10"
                    color="white"
                    size="regular"
                  >
                    Primary
                  </span>
                </span>
              </span>
            </button>
          </div>
        </td>
      </tr>
      <tr>
        <td>
          <code>
            line
          </code>
        </td>
        <td
          colSpan="2"
        >
          <div
            className="c0"
          >
            <button
              className="c11"
              disabled={false}
              onClick={[Function]}
              size="default"
            >
              <span
                className="c2"
              >
                <span
                  className="c3"
                  size="default"
                >
                  <span
                    className="c12"
                    color="cyan"
                    size="regular"
                  >
                    Line
                  </span>
                </span>
              </span>
            </button>
          </div>
        </td>
      </tr>
      <tr>
        <td>
          <code>
            danger
          </code>
        </td>
        <td>
          <div
            className="c0"
          >
            <button
              className="c13"
              disabled={false}
              onClick={[Function]}
              size="default"
            >
              <span
                className="c2"
              >
                <span
                  className="c3"
                  size="default"
                >
                  <span
                    className="c14"
                    color="red"
                    size="regular"
                  >
                    Danger
                  </span>
                </span>
              </span>
            </button>
          </div>
        </td>
        <td>
          <div
            className="c0"
          >
            <button
              className="c13"
              disabled={false}
              onClick={[Function]}
              size="default"
            >
              <span
                className="c2"
              >
                <span
                  className="c3"
                  size="default"
                >
                  <span
                    className="c15"
                    color="regular"
                    size="regular"
                  >
                    Danger Text Override
                  </span>
                </span>
              </span>
            </button>
          </div>
        </td>
      </tr>
      <tr>
        <td>
          <code>
            link
          </code>
        </td>
        <td>
          <div
            className="c0"
          >
            <button
              className="c16"
              disabled={false}
              onClick={[Function]}
              size="default"
            >
              <span
                className="c2"
              >
                <span
                  className="c3"
                  size="default"
                >
                  <span
                    className="c4"
                    color="regular"
                    size="regular"
                  >
                    link
                  </span>
                </span>
              </span>
            </button>
          </div>
        </td>
        <td>
          <div
            className="c0"
          >
            <button
              className="c16"
              disabled={false}
              onClick={[Function]}
              size="default"
            >
              <span
                className="c2"
              >
                <span
                  className="c3"
                  size="default"
                >
                  <span
                    className="c17"
                    color="blue"
                    size="regular"
                  >
                    link text override
                  </span>
                </span>
              </span>
            </button>
          </div>
        </td>
      </tr>
    </tbody>
  </table>
  <table
    className="doc-table"
  >
    <thead>
      <tr>
        <th
          colSpan="4"
        >
          Presentation
        </th>
      </tr>
    </thead>
    <tbody>
      <tr>
        <td>
          Left icon
        </td>
        <td>
          <div
            className="c0"
          >
            <button
              className="c9"
              disabled={false}
              onClick={[Function]}
              size="default"
            >
              <span
                className="c2"
              >
                <div
                  className="c18"
                >
                  <span
                    className="c19"
                    size="default"
                  >
                    <span
                      className="c20"
                      size="default"
                    >
                      <div
                        className="c21"
                        opacity={1}
                      >
                        <div
                          className="c22"
                          size="default"
                        >
                          <img
                            alt=""
                            src="http://mockup.sistemsista.com/icon/png/white/icon-bullhorn.png"
                            style={
                              Object {
                                "display": "block",
                                "height": "2.4rem",
                                "width": "2.4rem",
                              }
                            }
                          />
                        </div>
                      </div>
                    </span>
                  </span>
                </div>
                <span
                  className="c3"
                  size="default"
                >
                  <span
                    className="c10"
                    color="white"
                    size="regular"
                  >
                    Notification
                  </span>
                </span>
              </span>
            </button>
          </div>
        </td>
        <td>
          <div
            className="c0"
          >
            <button
              className="c9"
              disabled={false}
              onClick={[Function]}
              size="small"
            >
              <span
                className="c2"
              >
                <div
                  className="c18"
                >
                  <span
                    className="c23"
                    size="small"
                  >
                    <span
                      className="c20"
                      size="small"
                    >
                      <div
                        className="c21"
                        opacity={1}
                      >
                        <div
                          className="c24"
                          size="small"
                        >
                          <img
                            alt=""
                            src="http://mockup.sistemsista.com/icon/png/white/icon-bullhorn.png"
                            style={
                              Object {
                                "display": "block",
                                "height": "1.8rem",
                                "width": "1.8rem",
                              }
                            }
                          />
                        </div>
                      </div>
                    </span>
                  </span>
                </div>
                <span
                  className="c5"
                  size="small"
                >
                  <span
                    className="c25"
                    color="white"
                    size="small"
                  >
                    Notification
                  </span>
                </span>
              </span>
            </button>
          </div>
        </td>
        <td>
          <div
            className="c0"
          >
            <button
              className="c9"
              disabled={false}
              onClick={[Function]}
              size="xsmall"
            >
              <span
                className="c2"
              >
                <div
                  className="c18"
                >
                  <span
                    className="c26"
                    size="xsmall"
                  >
                    <span
                      className="c20"
                      size="xsmall"
                    >
                      <div
                        className="c21"
                        opacity={1}
                      >
                        <div
                          className="c27"
                          size="xsmall"
                        >
                          <img
                            alt=""
                            src="http://mockup.sistemsista.com/icon/png/white/icon-bullhorn.png"
                            style={
                              Object {
                                "display": "block",
                                "height": "1.2rem",
                                "width": "1.2rem",
                              }
                            }
                          />
                        </div>
                      </div>
                    </span>
                  </span>
                </div>
                <span
                  className="c7"
                  size="xsmall"
                >
                  <span
                    className="c28"
                    color="white"
                    size="micro"
                  >
                    Notification
                  </span>
                </span>
              </span>
            </button>
          </div>
        </td>
      </tr>
      <tr>
        <td>
          Right icon
        </td>
        <td>
          <div
            className="c0"
          >
            <button
              className="c9"
              disabled={false}
              onClick={[Function]}
              size="default"
            >
              <span
                className="c2"
              >
                <span
                  className="c3"
                  size="default"
                >
                  <span
                    className="c10"
                    color="white"
                    size="regular"
                  >
                    Notification
                  </span>
                </span>
                <div
                  className="c18"
                >
                  <span
                    className="c29"
                    size="default"
                  >
                    <span
                      className="c20"
                      size="default"
                    >
                      <div
                        className="c21"
                        opacity={1}
                      >
                        <div
                          className="c22"
                          size="default"
                        >
                          <img
                            alt=""
                            src="http://mockup.sistemsista.com/icon/png/white/icon-bullhorn.png"
                            style={
                              Object {
                                "display": "block",
                                "height": "2.4rem",
                                "width": "2.4rem",
                              }
                            }
                          />
                        </div>
                      </div>
                    </span>
                  </span>
                </div>
              </span>
            </button>
          </div>
        </td>
        <td>
          <div
            className="c0"
          >
            <button
              className="c9"
              disabled={false}
              onClick={[Function]}
              size="small"
            >
              <span
                className="c2"
              >
                <span
                  className="c5"
                  size="small"
                >
                  <span
                    className="c25"
                    color="white"
                    size="small"
                  >
                    Notification
                  </span>
                </span>
                <div
                  className="c18"
                >
                  <span
                    className="c30"
                    size="small"
                  >
                    <span
                      className="c20"
                      size="small"
                    >
                      <div
                        className="c21"
                        opacity={1}
                      >
                        <div
                          className="c24"
                          size="small"
                        >
                          <img
                            alt=""
                            src="http://mockup.sistemsista.com/icon/png/white/icon-bullhorn.png"
                            style={
                              Object {
                                "display": "block",
                                "height": "1.8rem",
                                "width": "1.8rem",
                              }
                            }
                          />
                        </div>
                      </div>
                    </span>
                  </span>
                </div>
              </span>
            </button>
          </div>
        </td>
        <td>
          <div
            className="c0"
          >
            <button
              className="c9"
              disabled={false}
              onClick={[Function]}
              size="xsmall"
            >
              <span
                className="c2"
              >
                <span
                  className="c7"
                  size="xsmall"
                >
                  <span
                    className="c28"
                    color="white"
                    size="micro"
                  >
                    Notification
                  </span>
                </span>
                <div
                  className="c18"
                >
                  <span
                    className="c31"
                    size="xsmall"
                  >
                    <span
                      className="c20"
                      size="xsmall"
                    >
                      <div
                        className="c21"
                        opacity={1}
                      >
                        <div
                          className="c27"
                          size="xsmall"
                        >
                          <img
                            alt=""
                            src="http://mockup.sistemsista.com/icon/png/white/icon-bullhorn.png"
                            style={
                              Object {
                                "display": "block",
                                "height": "1.2rem",
                                "width": "1.2rem",
                              }
                            }
                          />
                        </div>
                      </div>
                    </span>
                  </span>
                </div>
              </span>
            </button>
          </div>
        </td>
      </tr>
      <tr>
        <td>
          Icon only
        </td>
        <td>
          <div
            className="c0"
          >
            <button
              className="c1"
              disabled={false}
              onClick={[Function]}
              size="default"
            >
              <span
                className="c2"
              >
                <div
                  className="c18"
                >
                  <span
                    className="c32"
                    size="default"
                  >
                    <span
                      className="c20"
                      size="default"
                    >
                      <div
                        className="c21"
                        opacity={1}
                      >
                        <div
                          className="c22"
                          size="default"
                        >
                          <img
                            src="/assets/icons/18-plus-9b8c6f55c22824cb28832581b18dc249.svg"
                            style={
                              Object {
                                "display": "block",
                                "height": "2.4rem",
                                "width": "2.4rem",
                              }
                            }
                          />
                        </div>
                      </div>
                    </span>
                  </span>
                </div>
              </span>
            </button>
          </div>
        </td>
        <td>
          <div
            className="c0"
          >
            <button
              className="c1"
              disabled={false}
              onClick={[Function]}
              size="small"
            >
              <span
                className="c2"
              >
                <div
                  className="c18"
                >
                  <span
                    className="c33"
                    size="small"
                  >
                    <span
                      className="c20"
                      size="small"
                    >
                      <div
                        className="c21"
                        opacity={1}
                      >
                        <div
                          className="c24"
                          size="small"
                        >
                          <img
                            src="/assets/icons/18-plus-9b8c6f55c22824cb28832581b18dc249.svg"
                            style={
                              Object {
                                "display": "block",
                                "height": "1.8rem",
                                "width": "1.8rem",
                              }
                            }
                          />
                        </div>
                      </div>
                    </span>
                  </span>
                </div>
              </span>
            </button>
          </div>
        </td>
        <td>
          <div
            className="c0"
          >
            <button
              className="c1"
              disabled={false}
              onClick={[Function]}
              size="xsmall"
            >
              <span
                className="c2"
              >
                <div
                  className="c18"
                >
                  <span
                    className="c34"
                    size="xsmall"
                  >
                    <span
                      className="c20"
                      size="xsmall"
                    >
                      <div
                        className="c21"
                        opacity={1}
                      >
                        <div
                          className="c27"
                          size="xsmall"
                        >
                          <img
                            src="/assets/icons/18-plus-9b8c6f55c22824cb28832581b18dc249.svg"
                            style={
                              Object {
                                "display": "block",
                                "height": "1.2rem",
                                "width": "1.2rem",
                              }
                            }
                          />
                        </div>
                      </div>
                    </span>
                  </span>
                </div>
              </span>
            </button>
          </div>
        </td>
      </tr>
      <tr>
        <td>
          Button block
        </td>
        <td
          colSpan="3"
        >
          <div
            className="c0"
          >
            <button
              className="c35"
              disabled={false}
              onClick={[Function]}
              size="default"
            >
              <span
                className="c2"
              >
                <span
                  className="c3"
                  size="default"
                >
                  <span
                    className="c10"
                    color="white"
                    size="regular"
                  >
                    Button
                  </span>
                </span>
              </span>
            </button>
          </div>
        </td>
      </tr>
      <tr>
        <td>
          Button block icon
        </td>
        <td
          colSpan="3"
        >
          <div
            className="c0"
          >
            <button
              className="c35"
              disabled={false}
              onClick={[Function]}
              size="default"
            >
              <span
                className="c2"
              >
                <div
                  className="c18"
                >
                  <span
                    className="c19"
                    size="default"
                  >
                    <span
                      className="c20"
                      size="default"
                    >
                      <div
                        className="c21"
                        opacity={1}
                      >
                        <div
                          className="c22"
                          size="default"
                        >
                          <img
                            alt=""
                            src="http://mockup.sistemsista.com/icon/png/white/icon-bullhorn.png"
                            style={
                              Object {
                                "display": "block",
                                "height": "2.4rem",
                                "width": "2.4rem",
                              }
                            }
                          />
                        </div>
                      </div>
                    </span>
                  </span>
                </div>
                <span
                  className="c3"
                  size="default"
                >
                  <span
                    className="c10"
                    color="white"
                    size="regular"
                  >
                    Button
                  </span>
                </span>
              </span>
            </button>
          </div>
        </td>
      </tr>
      <tr>
        <td>
          Button round
        </td>
        <td
          colSpan="3"
        >
          <div
            className="c0"
          >
            <button
              className="c36"
              disabled={false}
              onClick={[Function]}
              size="default"
            >
              <span
                className="c2"
              >
                <div
                  className="c18"
                >
                  <span
                    className="c19"
                    size="default"
                  >
                    <span
                      className="c20"
                      size="default"
                    >
                      <div
                        className="c21"
                        opacity={1}
                      >
                        <div
                          className="c22"
                          size="default"
                        >
                          <img
                            alt=""
                            src="http://mockup.sistemsista.com/icon/png/white/icon-bullhorn.png"
                            style={
                              Object {
                                "display": "block",
                                "height": "2.4rem",
                                "width": "2.4rem",
                              }
                            }
                          />
                        </div>
                      </div>
                    </span>
                  </span>
                </div>
                <span
                  className="c3"
                  size="default"
                >
                  <span
                    className="c10"
                    color="white"
                    size="regular"
                  >
                    Button
                  </span>
                </span>
              </span>
            </button>
          </div>
        </td>
      </tr>
      <tr>
        <td>
          Disabled
        </td>
        <td
          colSpan="3"
        >
          <div
            className="c0"
          >
            <button
              className="c37"
              disabled={true}
              onClick={[Function]}
              size="default"
            >
              <span
                className="c2"
              >
                <div
                  className="c18"
                >
                  <span
                    className="c19"
                    size="default"
                  >
                    <span
                      className="c20"
                      size="default"
                    >
                      <div
                        className="c21"
                        opacity={1}
                      >
                        <div
                          className="c22"
                          size="default"
                        >
                          <img
                            alt=""
                            src="http://mockup.sistemsista.com/icon/png/black/icon-bullhorn.png"
                            style={
                              Object {
                                "display": "block",
                                "height": "2.4rem",
                                "width": "2.4rem",
                              }
                            }
                          />
                        </div>
                      </div>
                    </span>
                  </span>
                </div>
                <span
                  className="c3"
                  size="default"
                >
                  <span
                    className="c4"
                    color="regular"
                    size="regular"
                  >
                    Button
                  </span>
                </span>
              </span>
            </button>
          </div>
        </td>
      </tr>
      <tr>
        <td>
          Icon & Notification
        </td>
        <td
          colSpan="3"
        >
          <div
            className="c0"
          >
            <button
              className="c9"
              disabled={false}
              onClick={[Function]}
              size="default"
            >
              <span
                className="c2"
              >
                <div
                  className="c18"
                >
                  <span
                    className="c19"
                    size="default"
                  >
                    <span
                      className="c20"
                      size="default"
                    >
                      <div
                        className="c21"
                        opacity={1}
                      >
                        <div
                          className="c22"
                          size="default"
                        >
                          <img
                            alt=""
                            src="http://mockup.sistemsista.com/icon/png/white/icon-bullhorn.png"
                            style={
                              Object {
                                "display": "block",
                                "height": "2.4rem",
                                "width": "2.4rem",
                              }
                            }
                          />
                        </div>
                      </div>
                    </span>
                    <div
                      className="c38"
                    >
                      9
                    </div>
                  </span>
                </div>
                <span
                  className="c3"
                  size="default"
                >
                  <span
                    className="c10"
                    color="white"
                    size="regular"
                  >
                    Button
                  </span>
                </span>
              </span>
            </button>
          </div>
        </td>
      </tr>
    </tbody>
  </table>
  <table
    className="doc-table"
  >
    <thead>
      <tr>
        <th
          colSpan="3"
        >
          Extras
        </th>
      </tr>
    </thead>
    <tbody>
      <tr>
        <td>
          Button group
        </td>
        <td>
          <div
            className="c39"
          >
            <div
              className="c40"
            >
              <div
                className="c0"
              >
                <button
                  className="c41"
                  disabled={false}
                  onClick={[Function]}
                  size="default"
                >
                  <span
                    className="c2"
                  >
                    <div
                      className="c18"
                    >
                      <span
                        className="c19"
                        size="default"
                      >
                        <span
                          className="c20"
                          size="default"
                        >
                          <div
                            className="c21"
                            opacity={1}
                          >
                            <div
                              className="c22"
                              size="default"
                            >
                              <img
                                src="/assets/icons/sosmed-facebook-748e9beb6b3f881009a68cf748b56252.svg"
                                style={
                                  Object {
                                    "display": "block",
                                    "height": "2.4rem",
                                    "width": "2.4rem",
                                  }
                                }
                              />
                            </div>
                          </div>
                        </span>
                      </span>
                    </div>
                    <span
                      className="c3"
                      size="default"
                    >
                      <span
                        className="c4"
                        color="regular"
                        size="regular"
                      >
                        facebook
                      </span>
                    </span>
                  </span>
                </button>
              </div>
            </div>
            <div
              className="c40"
            >
              <div
                className="c0"
              >
                <button
                  className="c42"
                  disabled={false}
                  onClick={[Function]}
                  size="default"
                >
                  <span
                    className="c2"
                  >
                    <div
                      className="c18"
                    >
                      <span
                        className="c19"
                        size="default"
                      >
                        <span
                          className="c20"
                          size="default"
                        >
                          <div
                            className="c21"
                            opacity={1}
                          >
                            <div
                              className="c22"
                              size="default"
                            >
                              <img
                                src="/assets/icons/sosmed-facebook-748e9beb6b3f881009a68cf748b56252.svg"
                                style={
                                  Object {
                                    "display": "block",
                                    "height": "2.4rem",
                                    "width": "2.4rem",
                                  }
                                }
                              />
                            </div>
                          </div>
                        </span>
                      </span>
                    </div>
                    <span
                      className="c3"
                      size="default"
                    >
                      <span
                        className="c4"
                        color="regular"
                        size="regular"
                      >
                        facebook
                      </span>
                    </span>
                  </span>
                </button>
              </div>
            </div>
            <div
              className="c40"
            >
              <div
                className="c0"
              >
                <button
                  className="c43"
                  disabled={false}
                  onClick={[Function]}
                  size="default"
                >
                  <span
                    className="c2"
                  >
                    <div
                      className="c18"
                    >
                      <span
                        className="c19"
                        size="default"
                      >
                        <span
                          className="c20"
                          size="default"
                        >
                          <div
                            className="c21"
                            opacity={1}
                          >
                            <div
                              className="c22"
                              size="default"
                            >
                              <img
                                src="/assets/icons/sosmed-facebook-748e9beb6b3f881009a68cf748b56252.svg"
                                style={
                                  Object {
                                    "display": "block",
                                    "height": "2.4rem",
                                    "width": "2.4rem",
                                  }
                                }
                              />
                            </div>
                          </div>
                        </span>
                      </span>
                    </div>
                    <span
                      className="c3"
                      size="default"
                    >
                      <span
                        className="c4"
                        color="regular"
                        size="regular"
                      >
                        facebook
                      </span>
                    </span>
                  </span>
                </button>
              </div>
            </div>
          </div>
        </td>
        <td>
          <div
            className="c39"
          >
            <div
              className="c40"
            >
              <div
                className="c0"
              >
                <button
                  className="c41"
                  disabled={false}
                  onClick={[Function]}
                  size="default"
                >
                  <span
                    className="c2"
                  >
                    <div
                      className="c18"
                    >
                      <span
                        className="c19"
                        size="default"
                      >
                        <span
                          className="c20"
                          size="default"
                        >
                          <div
                            className="c21"
                            opacity={1}
                          >
                            <div
                              className="c22"
                              size="default"
                            >
                              <img
                                src="/assets/icons/sosmed-facebook-748e9beb6b3f881009a68cf748b56252.svg"
                                style={
                                  Object {
                                    "display": "block",
                                    "height": "2.4rem",
                                    "width": "2.4rem",
                                  }
                                }
                              />
                            </div>
                          </div>
                        </span>
                      </span>
                    </div>
                    <span
                      className="c3"
                      size="default"
                    >
                      <span
                        className="c4"
                        color="regular"
                        size="regular"
                      >
                        Text
                      </span>
                    </span>
                  </span>
                </button>
              </div>
            </div>
            <div
              className="c40"
            >
              <div
                className="c0"
              >
                <button
                  className="c43"
                  disabled={false}
                  onClick={[Function]}
                  size="default"
                >
                  <span
                    className="c2"
                  >
                    <div
                      className="c18"
                    >
                      <span
                        className="c19"
                        size="default"
                      >
                        <span
                          className="c20"
                          size="default"
                        >
                          <div
                            className="c21"
                            opacity={1}
                          >
                            <div
                              className="c22"
                              size="default"
                            >
                              <img
                                src="/assets/icons/sosmed-facebook-748e9beb6b3f881009a68cf748b56252.svg"
                                style={
                                  Object {
                                    "display": "block",
                                    "height": "2.4rem",
                                    "width": "2.4rem",
                                  }
                                }
                              />
                            </div>
                          </div>
                        </span>
                      </span>
                    </div>
                    <span
                      className="c3"
                      size="default"
                    >
                      <span
                        className="c4"
                        color="regular"
                        size="regular"
                      >
                        Text
                      </span>
                    </span>
                  </span>
                </button>
              </div>
            </div>
          </div>
        </td>
      </tr>
      <tr>
        <td>
          Button group small
        </td>
        <td
          colSpan="2"
        >
          <div
            className="c39"
          >
            <div
              className="c40"
            >
              <div
                className="c0"
              >
                <button
                  className="c41"
                  disabled={false}
                  onClick={[Function]}
                  size="small"
                >
                  <span
                    className="c2"
                  >
                    <div
                      className="c18"
                    >
                      <span
                        className="c23"
                        size="small"
                      >
                        <span
                          className="c20"
                          size="small"
                        >
                          <div
                            className="c21"
                            opacity={1}
                          >
                            <div
                              className="c24"
                              size="small"
                            >
                              <img
                                src="/assets/icons/sosmed-facebook-748e9beb6b3f881009a68cf748b56252.svg"
                                style={
                                  Object {
                                    "display": "block",
                                    "height": "1.8rem",
                                    "width": "1.8rem",
                                  }
                                }
                              />
                            </div>
                          </div>
                        </span>
                      </span>
                    </div>
                    <span
                      className="c5"
                      size="small"
                    >
                      <span
                        className="c6"
                        color="regular"
                        size="small"
                      >
                        text
                      </span>
                    </span>
                  </span>
                </button>
              </div>
            </div>
            <div
              className="c40"
            >
              <div
                className="c0"
              >
                <button
                  className="c42"
                  disabled={false}
                  onClick={[Function]}
                  size="small"
                >
                  <span
                    className="c2"
                  >
                    <div
                      className="c18"
                    >
                      <span
                        className="c23"
                        size="small"
                      >
                        <span
                          className="c20"
                          size="small"
                        >
                          <div
                            className="c21"
                            opacity={1}
                          >
                            <div
                              className="c24"
                              size="small"
                            >
                              <img
                                src="/assets/icons/sosmed-facebook-748e9beb6b3f881009a68cf748b56252.svg"
                                style={
                                  Object {
                                    "display": "block",
                                    "height": "1.8rem",
                                    "width": "1.8rem",
                                  }
                                }
                              />
                            </div>
                          </div>
                        </span>
                      </span>
                    </div>
                    <span
                      className="c5"
                      size="small"
                    >
                      <span
                        className="c6"
                        color="regular"
                        size="small"
                      >
                        text
                      </span>
                    </span>
                  </span>
                </button>
              </div>
            </div>
            <div
              className="c40"
            >
              <div
                className="c0"
              >
                <button
                  className="c43"
                  disabled={false}
                  onClick={[Function]}
                  size="small"
                >
                  <span
                    className="c2"
                  >
                    <div
                      className="c18"
                    >
                      <span
                        className="c23"
                        size="small"
                      >
                        <span
                          className="c20"
                          size="small"
                        >
                          <div
                            className="c21"
                            opacity={1}
                          >
                            <div
                              className="c24"
                              size="small"
                            >
                              <img
                                src="/assets/icons/sosmed-facebook-748e9beb6b3f881009a68cf748b56252.svg"
                                style={
                                  Object {
                                    "display": "block",
                                    "height": "1.8rem",
                                    "width": "1.8rem",
                                  }
                                }
                              />
                            </div>
                          </div>
                        </span>
                      </span>
                    </div>
                    <span
                      className="c5"
                      size="small"
                    >
                      <span
                        className="c6"
                        color="regular"
                        size="small"
                      >
                        text
                      </span>
                    </span>
                  </span>
                </button>
              </div>
            </div>
          </div>
        </td>
      </tr>
    </tbody>
  </table>
</div>
`;
